Archive member included to satisfy reference by file (symbol)

/opt/devkitpro/libnx/lib/libnx.a(console.o)
                              main.o (consoleInit)
/opt/devkitpro/libnx/lib/libnx.a(applet.o)
                              main.o (appletMainLoop)
/opt/devkitpro/libnx/lib/libnx.a(hid.o)
                              main.o (hidKeysDown)
/opt/devkitpro/libnx/lib/libnx.a(sm.o)
                              /opt/devkitpro/libnx/lib/libnx.a(applet.o) (smGetService)
/opt/devkitpro/libnx/lib/libnx.a(apm.o)
                              /opt/devkitpro/libnx/lib/libnx.a(applet.o) (apmExit)
/opt/devkitpro/libnx/lib/libnx.a(fatal.o)
                              /opt/devkitpro/libnx/lib/libnx.a(applet.o) (fatalSimple)
/opt/devkitpro/libnx/lib/libnx.a(fs.o)
                              main.o (fsOpenSaveDataIterator)
/opt/devkitpro/libnx/lib/libnx.a(gfx.o)
                              /opt/devkitpro/libnx/lib/libnx.a(console.o) (g_gfx_framebuf_display_height)
/opt/devkitpro/libnx/lib/libnx.a(nvgfx.o)
                              /opt/devkitpro/libnx/lib/libnx.a(gfx.o) (nvgfxInitialize)
/opt/devkitpro/libnx/lib/libnx.a(channel.o)
                              /opt/devkitpro/libnx/lib/libnx.a(nvgfx.o) (nvioctlChannel_SetNvmapFd)
/opt/devkitpro/libnx/lib/libnx.a(nvhost-ctrl.o)
                              /opt/devkitpro/libnx/lib/libnx.a(nvgfx.o) (nvioctlNvhostCtrl_EventWait)
/opt/devkitpro/libnx/lib/libnx.a(nvhost-ctrl-gpu.o)
                              /opt/devkitpro/libnx/lib/libnx.a(nvgfx.o) (nvioctlNvhostCtrlGpu_ZCullGetCtxSize)
/opt/devkitpro/libnx/lib/libnx.a(nvhost-as-gpu.o)
                              /opt/devkitpro/libnx/lib/libnx.a(nvgfx.o) (nvioctlNvhostAsGpu_BindChannel)
/opt/devkitpro/libnx/lib/libnx.a(nvmap.o)
                              /opt/devkitpro/libnx/lib/libnx.a(nvgfx.o) (nvioctlNvmap_Create)
/opt/devkitpro/libnx/lib/libnx.a(cache.o)
                              /opt/devkitpro/libnx/lib/libnx.a(gfx.o) (armDCacheFlush)
/opt/devkitpro/libnx/lib/libnx.a(switch_crt0.o)
                              (_start)
/opt/devkitpro/libnx/lib/libnx.a(svc.o)
                              /opt/devkitpro/libnx/lib/libnx.a(applet.o) (svcSleepThread)
/opt/devkitpro/libnx/lib/libnx.a(default_font.bin.o)
                              /opt/devkitpro/libnx/lib/libnx.a(console.o) (default_font_bin)
/opt/devkitpro/libnx/lib/libnx.a(dynamic.o)
                              /opt/devkitpro/libnx/lib/libnx.a(switch_crt0.o) (__nx_dynamic)
/opt/devkitpro/libnx/lib/libnx.a(init.o)
                              /opt/devkitpro/libnx/lib/libnx.a(switch_crt0.o) (__libnx_init)
/opt/devkitpro/libnx/lib/libnx.a(env.o)
                              /opt/devkitpro/libnx/lib/libnx.a(init.o) (envSetup)
/opt/devkitpro/libnx/lib/libnx.a(newlib.o)
                              /opt/devkitpro/libnx/lib/libnx.a(init.o) (newlibSetup)
/opt/devkitpro/libnx/lib/libnx.a(argv.o)
                              /opt/devkitpro/libnx/lib/libnx.a(init.o) (argvSetup)
/opt/devkitpro/libnx/lib/libnx.a(detect.o)
                              /opt/devkitpro/libnx/lib/libnx.a(applet.o) (kernelAbove200)
/opt/devkitpro/libnx/lib/libnx.a(shmem.o)
                              /opt/devkitpro/libnx/lib/libnx.a(hid.o) (shmemLoadRemote)
/opt/devkitpro/libnx/lib/libnx.a(rwlock.o)
                              /opt/devkitpro/libnx/lib/libnx.a(hid.o) (rwlockReadLock)
/opt/devkitpro/libnx/lib/libnx.a(mutex.o)
                              /opt/devkitpro/libnx/lib/libnx.a(newlib.o) (mutexLock)
/opt/devkitpro/libnx/lib/libnx.a(virtmem.o)
                              /opt/devkitpro/libnx/lib/libnx.a(init.o) (virtmemSetup)
/opt/devkitpro/libnx/lib/libnx.a(fs_dev.o)
                              /opt/devkitpro/libnx/lib/libnx.a(init.o) (fsdevMountSdmc)
/opt/devkitpro/libnx/lib/libnx.a(time.o)
                              /opt/devkitpro/libnx/lib/libnx.a(init.o) (timeExit)
/opt/devkitpro/libnx/lib/libnx.a(vi.o)
                              /opt/devkitpro/libnx/lib/libnx.a(gfx.o) (viExit)
/opt/devkitpro/libnx/lib/libnx.a(nv.o)
                              /opt/devkitpro/libnx/lib/libnx.a(gfx.o) (nvExit)
/opt/devkitpro/libnx/lib/libnx.a(buffer_producer.o)
                              /opt/devkitpro/libnx/lib/libnx.a(gfx.o) (bufferProducerInitialize)
/opt/devkitpro/libnx/lib/libnx.a(binder.o)
                              /opt/devkitpro/libnx/lib/libnx.a(gfx.o) (binderCreateSession)
/opt/devkitpro/libnx/lib/libnx.a(parcel.o)
                              /opt/devkitpro/libnx/lib/libnx.a(buffer_producer.o) (parcelInitialize)
/opt/devkitpro/libnx/lib/libnx.a(decode_utf8.o)
                              /opt/devkitpro/libnx/lib/libnx.a(fs_dev.o) (decode_utf8)
/opt/devkitpro/libnx/lib/libnx.a(readtp.o)
                              /opt/devkitpro/libnx/lib/libnx.a(fs_dev.o) (__aarch64_read_tp)
/opt/devkitpro/libnx/lib/libnx.a(nxlink.o)
                              /opt/devkitpro/libnx/lib/libnx.a(argv.o) (nxlinkSetup)
/opt/devkitpro/libnx/lib/libnx.a(tmem.o)
[...]
Memory Configuration

Name             Origin             Length             Attributes
*default*        0x0000000000000000 0xffffffffffffffff

Linker script and memory map

                0x0000000000000000                PROVIDE (__start__ = 0x0)
                0x0000000000000000                . = __start__

.crt0           0x0000000000000000      0x118
 *(.crt0)
 .crt0          0x0000000000000000      0x114 /opt/devkitpro/libnx/lib/libnx.a(switch_crt0.o)
                0x0000000000000000                _start
                0x0000000000000104                __nx_exit
                0x0000000000000118                . = ALIGN (0x8)
 *fill*         0x0000000000000114        0x4 

.init           0x0000000000000118       0x38
 *(.init)
 .init          0x0000000000000118       0x18 /opt/devkitpro/devkitA64/lib/gcc/aarch64-none-elf/8.1.0/pic/crti.o
                0x0000000000000118                _init
 .init          0x0000000000000130       0x1c /opt/devkitpro/devkitA64/lib/gcc/aarch64-none-elf/8.1.0/pic/crtn.o
                0x0000000000000150                . = ALIGN (0x8)
 *fill*         0x000000000000014c        0x4 

.plt            0x0000000000000150        0x0
 *(.plt)
 .plt           0x0000000000000150        0x0 /opt/devkitpro/devkitA64/lib/gcc/aarch64-none-elf/8.1.0/pic/crti.o
 *(.iplt)
                0x0000000000000150                . = ALIGN (0x8)

.text           0x0000000000000180    0x2d0c8
 *(.text.unlikely .text.*_unlikely .text.unlikely.*)
 *(.text.exit .text.exit.*)
 *(.text.startup .text.startup.*)
 .text.startup.main
                0x0000000000000180      0x460 main.o
                0x0000000000000180                main
 .text.startup._GLOBAL__sub_I_eh_alloc.cc
                0x00000000000005e0       0x4c /opt/devkitpro/devkitA64/lib/gcc/aarch64-none-elf/8.1.0/../../../../aarch64-none-elf/lib/pic/libstdc++.a(eh_alloc.o)
 *(.text.hot .text.hot.*)
 *(.text .stub .text.* .gnu.linkonce.t.*)
 *fill*         0x000000000000062c        0x4 
 .text.deregister_tm_clones
                0x0000000000000630       0x2c /opt/devkitpro/devkitA64/lib/gcc/aarch64-none-elf/8.1.0/pic/crtbegin.o
 *fill*         0x000000000000065c        0x4 
 .text.register_tm_clones
                0x0000000000000660       0x38 /opt/devkitpro/devkitA64/lib/gcc/aarch64-none-elf/8.1.0/pic/crtbegin.o
 .text.__do_global_dtors_aux
                0x0000000000000698       0x48 /opt/devkitpro/devkitA64/lib/gcc/aarch64-none-elf/8.1.0/pic/crtbegin.o
 .text.frame_dummy
                0x00000000000006e0       0x34 /opt/devkitpro/devkitA64/lib/gcc/aarch64-none-elf/8.1.0/pic/crtbegin.o
 *fill*         0x0000000000000714        0xc 
 .text._ZN19MainMenuScreenState4StopEP12StateMachine
                0x0000000000000720        0x4 main.o
                0x0000000000000720                MainMenuScreenState::Stop(StateMachine*)
 *fill*         0x0000000000000724        0xc 
 .text._ZN21SelectGameScreenState4StopEP12StateMachine
                0x0000000000000730        0x4 main.o
                0x0000000000000730                SelectGameScreenState::Stop(StateMachine*)
 *fill*         0x0000000000000734        0xc 
 .text._ZN11GlobalState7ExecuteEP12StateMachine
                0x0000000000000740        0xc main.o
                0x0000000000000740                GlobalState::Execute(StateMachine*)
 *fill*         0x000000000000074c        0x4 
 .text._ZN17SplashScreenState4StopEP12StateMachine
                0x0000000000000750        0xc main.o
                0x0000000000000750                SplashScreenState::Stop(StateMachine*)
 *fill*         0x000000000000075c        0x4 
 .text._ZN18CreditsScreenState4StopEP12StateMachine
                0x0000000000000760        0xc main.o
                0x0000000000000760                CreditsScreenState::Stop(StateMachine*)
 *fill*         0x000000000000076c        0x4 
 .text._ZN17SplashScreenState5StartEP12StateMachine
                0x0000000000000770       0x24 main.o
                0x0000000000000770                SplashScreenState::Start(StateMachine*)
 *fill*         0x0000000000000794        0xc 
 .text._ZN18CreditsScreenState5StartEP12StateMachine
                0x00000000000007a0       0x30 main.o
                0x00000000000007a0                CreditsScreenState::Start(StateMachine*)
 .text._ZN11GlobalState4StopEP12StateMachine
                0x00000000000007d0       0x28 main.o
                0x00000000000007d0                GlobalState::Stop(StateMachine*)
 *fill*         0x00000000000007f8        0x8 
 .text._ZN11GlobalState5StartEP12StateMachine
                0x0000000000000800       0x28 main.o
                0x0000000000000800                GlobalState::Start(StateMachine*)
 *fill*         0x0000000000000828        0x8 
 .text._ZNKSt8_Rb_treeINSt7__cxx1112basic_stringIcSt11char_traitsIcESaIcEEESt4pairIKS5_P5StateESt10_Select1stISA_ESt4lessIS5_ESaISA_EE4findERS7_
                0x0000000000000830      0x13c main.o
                0x0000000000000830                std::_Rb_tree<std::__cxx11::basic_string<char, std::char_traits<char>, std::allocator<char> >, std::pair<std::__cxx11::basic_string<char, std::char_traits<char>, std::allocator<char> > const, State*>, std::_Select1st<std::pair<std::__cxx11::basic_string<char, std::char_traits<char>, std::allocator<char> > const, State*> >, std::less<std::__cxx11::basic_string<char, std::char_traits<char>, std::allocator<char> > >, std::allocator<std::pair<std::__cxx11::basic_string<char, std::char_traits<char>, std::allocator<char> > const, State*> > >::find(std::__cxx11::basic_string<char, std::char_traits<char>, std::allocator<char> > const&) const
 *fill*         0x000000000000096c        0x4 
 .text._ZNSt6vectorI14FsSaveDataInfoSaIS0_EE17_M_realloc_insertIJRKS0_EEEvN9__gnu_cxx17__normal_iteratorIPS0_S2_EEDpOT_
                0x0000000000000970      0x164 main.o
                0x0000000000000970                void std::vector<FsSaveDataInfo, std::allocator<FsSaveDataInfo> >::_M_realloc_insert<FsSaveDataInfo const&>(__gnu_cxx::__normal_iterator<FsSaveDataInfo*, std::vector<FsSaveDataInfo, std::allocator<FsSaveDataInfo> > >, FsSaveDataInfo const&)
 *fill*         0x0000000000000ad4        0xc 
 .text._ZNSt8_Rb_treeINSt7__cxx1112basic_stringIcSt11char_traitsIcESaIcEEESt4pairIKS5_P5StateESt10_Select1stISA_ESt4lessIS5_ESaISA_EE24_M_get_insert_unique_posERS7_
                0x0000000000000ae0      0x178 main.o
                0x0000000000000ae0                std::_Rb_tree<std::__cxx11::basic_string<char, std::char_traits<char>, std::allocator<char> >, std::pair<std::__cxx11::basic_string<char, std::char_traits<char>, std::allocator<char> > const, State*>, std::_Select1st<std::pair<std::__cxx11::basic_string<char, std::char_traits<char>, std::allocator<char> > const, State*> >, std::less<std::__cxx11::basic_string<char, std::char_traits<char>, std::allocator<char> > >, std::allocator<std::pair<std::__cxx11::basic_string<char, std::char_traits<char>, std::allocator<char> > const, State*> > >::_M_get_insert_unique_pos(std::__cxx11::basic_string<char, std::char_traits<char>, std::allocator<char> > const&)
 *fill*         0x0000000000000c58        0x8 
 .text._ZNSt8_Rb_treeINSt7__cxx1112basic_stringIcSt11char_traitsIcESaIcEEESt4pairIKS5_P5StateESt10_Select1stISA_ESt4lessIS5_ESaISA_EE29_M_get_insert_hint_unique_posESt23_Rb_tree_const_iteratorISA_ERS7_
                0x0000000000000c60      0x298 main.o
                0x0000000000000c60                std::_Rb_tree<std::__cxx11::basic_string<char, std::char_traits<char>, std::allocator<char> >, std::pair<std::__cxx11::basic_string<char, std::char_traits<char>, std::allocator<char> > const, State*>, std::_Select1st<std::pair<std::__cxx11::basic_string<char, std::char_traits<char>, std::allocator<char> > const, State*> >, std::less<std::__cxx11::basic_string<char, std::char_traits<char>, std::allocator<char> > >, std::allocator<std::pair<std::__cxx11::basic_string<char, std::char_traits<char>, std::allocator<char> > const, State*> > >::_M_get_insert_hint_unique_pos(std::_Rb_tree_const_iterator<std::pair<std::__cxx11::basic_string<char, std::char_traits<char>, std::allocator<char> > const, State*> >, std::__cxx11::basic_string<char, std::char_traits<char>, std::allocator<char> > const&)
 *fill*         0x0000000000000ef8        0x8 
 .text._ZNSt7__cxx1112basic_stringIcSt11char_traitsIcESaIcEE12_M_constructIPcEEvT_S7_St20forward_iterator_tag
                0x0000000000000f00       0xd4 main.o
                0x0000000000000f00                void std::__cxx11::basic_string<char, std::char_traits<char>, std::allocator<char> >::_M_construct<char*>(char*, char*, std::forward_iterator_tag)
 *fill*         0x0000000000000fd4        0xc 
 .text._ZNSt8_Rb_treeINSt7__cxx1112basic_stringIcSt11char_traitsIcESaIcEEESt4pairIKS5_P5StateESt10_Select1stISA_ESt4lessIS5_ESaISA_EE22_M_emplace_hint_uniqueIJRKSt21piecewise_construct_tSt5tupleIJRS7_EESL_IJEEEEESt17_Rb_tree_iteratorISA_ESt23_Rb_tree_const_iteratorISA_EDpOT_.isra.97
                0x0000000000000fe0      0x148 main.o
 *fill*         0x0000000000001128        0x8 
 .text._ZNSt3mapINSt7__cxx1112basic_stringIcSt11char_traitsIcESaIcEEEP5StateSt4lessIS5_ESaISt4pairIKS5_S7_EEEixERSB_
                0x0000000000001130      0x160 main.o
                0x0000000000001130                std::map<std::__cxx11::basic_string<char, std::char_traits<char>, std::allocator<char> >, State*, std::less<std::__cxx11::basic_string<char, std::char_traits<char>, std::allocator<char> > >, std::allocator<std::pair<std::__cxx11::basic_string<char, std::char_traits<char>, std::allocator<char> > const, State*> > >::operator[](std::__cxx11::basic_string<char, std::char_traits<char>, std::allocator<char> > const&)
 .text._ZNSt6vectorINSt7__cxx1112basic_stringIcSt11char_traitsIcESaIcEEESaIS5_EE17_M_realloc_insertIJRKS5_EEEvN9__gnu_cxx17__normal_iteratorIPS5_S7_EEDpOT_
                0x0000000000001290      0x228 main.o
                0x0000000000001290                void std::vector<std::__cxx11::basic_string<char, std::char_traits<char>, std::allocator<char> >, std::allocator<std::__cxx11::basic_string<char, std::char_traits<char>, std::allocator<char> > > >::_M_realloc_insert<std::__cxx11::basic_string<char, std::char_traits<char>, std::allocator<char> > const&>(__gnu_cxx::__normal_iterator<std::__cxx11::basic_string<char, std::char_traits<char>, std::allocator<char> >*, std::vector<std::__cxx11::basic_string<char, std::char_traits<char>, std::allocator<char> >, std::allocator<std::__cxx11::basic_string<char, std::char_traits<char>, std::allocator<char> > > > >, std::__cxx11::basic_string<char, std::char_traits<char>, std::allocator<char> > const&)
 *fill*         0x00000000000014b8        0x8 
 .text._ZN12StateMachine8SetStateENSt7__cxx1112basic_stringIcSt11char_traitsIcESaIcEEE
                0x00000000000014c0      0x368 main.o
                0x00000000000014c0                StateMachine::SetState(std::__cxx11::basic_string<char, std::char_traits<char>, std::allocator<char> >)
 *fill*         0x0000000000001828        0x8 
 .text._ZN19MainMenuScreenState5StartEP12StateMachine
                0x0000000000001830       0xe4 main.o
                0x0000000000001830                MainMenuScreenState::Start(StateMachine*)
 *fill*         0x0000000000001914        0xc 
 .text._ZN19MainMenuScreenStateC2Ev
                0x0000000000001920      0x250 main.o
                0x0000000000001920                MainMenuScreenState::MainMenuScreenState()
                0x0000000000001920                MainMenuScreenState::MainMenuScreenState()
 .text._ZN21SelectGameScreenState5StartEP12StateMachine
                0x0000000000001b70      0x31c main.o
                0x0000000000001b70                SelectGameScreenState::Start(StateMachine*)
 *fill*         0x0000000000001e8c        0x4 
 .text._ZN18CreditsScreenState7ExecuteEP12StateMachine
                0x0000000000001e90      0x3f0 main.o
                0x0000000000001e90                CreditsScreenState::Execute(StateMachine*)
 .text._ZN17SplashScreenState7ExecuteEP12StateMachine
                0x0000000000002280      0x418 main.o
                0x0000000000002280                SplashScreenState::Execute(StateMachine*)
 *fill*         0x0000000000002698        0x8 
 .text._ZN21SelectGameScreenState7ExecuteEP12StateMachine
                0x00000000000026a0      0xab4 main.o
                0x00000000000026a0                SelectGameScreenState::Execute(StateMachine*)
 *fill*         0x0000000000003154        0xc 
 .text._ZN19MainMenuScreenState7ExecuteEP12StateMachine
                0x0000000000003160      0xdec main.o
                0x0000000000003160                MainMenuScreenState::Execute(StateMachine*)
 *fill*         0x0000000000003f4c        0x4 
 .text.consoleDrawChar
                0x0000000000003f50      0x294 /opt/devkitpro/libnx/lib/libnx.a(console.o)
                0x0000000000003f50                consoleDrawChar
 *fill*         0x00000000000041e4        0xc 
 .text.consolePrintChar
                0x00000000000041f0      0x164 /opt/devkitpro/libnx/lib/libnx.a(console.o)
                0x00000000000041f0                consolePrintChar
 *fill*         0x0000000000004354        0xc 
 .text.consoleClearLine
                0x0000000000004360      0x170 /opt/devkitpro/libnx/lib/libnx.a(console.o)
 .text.newRow   0x00000000000044d0      0x1c4 /opt/devkitpro/libnx/lib/libnx.a(console.o)
 *fill*         0x0000000000004694        0xc 
 .text.consoleCls
                0x00000000000046a0      0x18c /opt/devkitpro/libnx/lib/libnx.a(console.o)
 *fill*         0x000000000000482c        0x4 
 .text.consoleInit
                0x0000000000004830       0xf8 /opt/devkitpro/libnx/lib/libnx.a(console.o)
                0x0000000000004830                consoleInit
 *fill*         0x0000000000004928        0x8 
 .text.con_write
                0x0000000000004930      0x854 /opt/devkitpro/libnx/lib/libnx.a(console.o)
 *fill*         0x0000000000005184        0xc 
 .text.ipcCloseObjectById
                0x0000000000005190       0x34 /opt/devkitpro/libnx/lib/libnx.a(applet.o)
 *fill*         0x00000000000051c4        0xc 
 .text._appletGetHandle
                0x00000000000051d0      0x124 /opt/devkitpro/libnx/lib/libnx.a(applet.o)
 *fill*         0x00000000000052f4        0xc 
 .text._appletGetOperationMode.constprop.13
                0x0000000000005300       0xe0 /opt/devkitpro/libnx/lib/libnx.a(applet.o)
 .text._appletGetCurrentFocusState.constprop.15
                0x00000000000053e0       0xe0 /opt/devkitpro/libnx/lib/libnx.a(applet.o)
 .text._appletReceiveMessage
                0x00000000000054c0       0xec /opt/devkitpro/libnx/lib/libnx.a(applet.o)
 *fill*         0x00000000000055ac        0x4 
 .text._appletGetPerformanceMode.constprop.14
                0x00000000000055b0       0xe0 /opt/devkitpro/libnx/lib/libnx.a(applet.o)
 .text._appletAcquireForegroundRights
                0x0000000000005690       0xcc /opt/devkitpro/libnx/lib/libnx.a(applet.o)
 *fill*         0x000000000000575c        0x4 
 .text._appletSetOperationModeChangedNotification.constprop.16
                0x0000000000005760       0xd4 /opt/devkitpro/libnx/lib/libnx.a(applet.o)
 *fill*         0x0000000000005834        0xc 
 .text._appletSetPerformanceModeChangedNotification.constprop.17
                0x0000000000005840       0xd4 /opt/devkitpro/libnx/lib/libnx.a(applet.o)
 *fill*         0x0000000000005914        0xc 
 .text._appletSetOutOfFocusSuspendingEnabled
                0x0000000000005920       0xd0 /opt/devkitpro/libnx/lib/libnx.a(applet.o)
 .text._appletSetFocusHandlingMode
                0x00000000000059f0       0xd8 /opt/devkitpro/libnx/lib/libnx.a(applet.o)
 *fill*         0x0000000000005ac8        0x8 
 .text._appletGetAppletResourceUserId.constprop.11
                0x0000000000005ad0       0xe0 /opt/devkitpro/libnx/lib/libnx.a(applet.o)
 .text._appletGetSessionProxy.constprop.10
                0x0000000000005bb0      0x13c /opt/devkitpro/libnx/lib/libnx.a(applet.o)
 *fill*         0x0000000000005cec        0x4 
 .text.appletExit
                0x0000000000005cf0      0x48c /opt/devkitpro/libnx/lib/libnx.a(applet.o)
                0x0000000000005cf0                appletExit
 *fill*         0x000000000000617c        0x4 
 .text.appletHook
                0x0000000000006180       0x28 /opt/devkitpro/libnx/lib/libnx.a(applet.o)
                0x0000000000006180                appletHook
 *fill*         0x00000000000061a8        0x8 
 .text.appletUnhook
                0x00000000000061b0       0x34 /opt/devkitpro/libnx/lib/libnx.a(applet.o)
                0x00000000000061b0                appletUnhook
 *fill*         0x00000000000061e4        0xc 
 .text.appletGetAppletResourceUserId
                0x00000000000061f0       0x28 /opt/devkitpro/libnx/lib/libnx.a(applet.o)
                0x00000000000061f0                appletGetAppletResourceUserId
 *fill*         0x0000000000006218        0x8 
 .text.appletNotifyRunning
                0x0000000000006220      0x120 /opt/devkitpro/libnx/lib/libnx.a(applet.o)
                0x0000000000006220                appletNotifyRunning
 .text.appletInitialize
                0x0000000000006340      0x4dc /opt/devkitpro/libnx/lib/libnx.a(applet.o)
                0x0000000000006340                appletInitialize
 *fill*         0x000000000000681c        0x4 
 .text.appletCreateManagedDisplayLayer
                0x0000000000006820       0xec /opt/devkitpro/libnx/lib/libnx.a(applet.o)
                0x0000000000006820                appletCreateManagedDisplayLayer
 *fill*         0x000000000000690c        0x4 
 .text.appletGetOperationMode
                0x0000000000006910        0xc /opt/devkitpro/libnx/lib/libnx.a(applet.o)
                0x0000000000006910                appletGetOperationMode
 *fill*         0x000000000000691c        0x4 
 .text.appletMainLoop
                0x0000000000006920      0x144 /opt/devkitpro/libnx/lib/libnx.a(applet.o)
                0x0000000000006920                appletMainLoop
 *fill*         0x0000000000006a64        0xc 
 .text.ipcCloseObjectById
                0x0000000000006a70       0x34 /opt/devkitpro/libnx/lib/libnx.a(hid.o)
 *fill*         0x0000000000006aa4        0xc 
 .text._hidGetSharedMemoryHandle.constprop.8
                0x0000000000006ab0      0x124 /opt/devkitpro/libnx/lib/libnx.a(hid.o)
 *fill*         0x0000000000006bd4        0xc 
 .text._hidCreateAppletResource.constprop.7
                0x0000000000006be0      0x134 /opt/devkitpro/libnx/lib/libnx.a(hid.o)
 *fill*         0x0000000000006d14        0xc 
 .text.hidReset
                0x0000000000006d20      0x1b0 /opt/devkitpro/libnx/lib/libnx.a(hid.o)
                0x0000000000006d20                hidReset
 .text.hidGetSharedmemAddr
                0x0000000000006ed0        0xc /opt/devkitpro/libnx/lib/libnx.a(hid.o)
                0x0000000000006ed0                hidGetSharedmemAddr
 *fill*         0x0000000000006edc        0x4 
 .text.hidKeysDown
                0x0000000000006ee0       0x6c /opt/devkitpro/libnx/lib/libnx.a(hid.o)
                0x0000000000006ee0                hidKeysDown
 *fill*         0x0000000000006f4c        0x4 
 .text.hidTouchCount
                0x0000000000006f50        0xc /opt/devkitpro/libnx/lib/libnx.a(hid.o)
                0x0000000000006f50                hidTouchCount
 *fill*         0x0000000000006f5c        0x4 
 .text.hidScanInput
                0x0000000000006f60      0x49c /opt/devkitpro/libnx/lib/libnx.a(hid.o)
                0x0000000000006f60                hidScanInput
 *fill*         0x00000000000073fc        0x4 
 .text.hidSetNpadJoyAssignmentModeDual
                0x0000000000007400      0x108 /opt/devkitpro/libnx/lib/libnx.a(hid.o)
                0x0000000000007400                hidSetNpadJoyAssignmentModeDual
 *fill*         0x0000000000007508        0x8 
 .text.hidExit  0x0000000000007510      0x120 /opt/devkitpro/libnx/lib/libnx.a(hid.o)
                0x0000000000007510                hidExit
 .text.hidInitialize
                0x0000000000007630       0xec /opt/devkitpro/libnx/lib/libnx.a(hid.o)
                0x0000000000007630                hidInitialize
 *fill*         0x000000000000771c        0x4 
 .text.smAddOverrideHandle
                0x0000000000007720       0x44 /opt/devkitpro/libnx/lib/libnx.a(sm.o)
                0x0000000000007720                smAddOverrideHandle
 *fill*         0x0000000000007764        0xc 
 .text.smGetServiceOverride
                0x0000000000007770       0x60 /opt/devkitpro/libnx/lib/libnx.a(sm.o)
                0x0000000000007770                smGetServiceOverride
 .text.smHasInitialized
                0x00000000000077d0       0x14 /opt/devkitpro/libnx/lib/libnx.a(sm.o)
                0x00000000000077d0                smHasInitialized
 *fill*         0x00000000000077e4        0xc 
 .text.smExit   0x00000000000077f0       0x48 /opt/devkitpro/libnx/lib/libnx.a(sm.o)
                0x00000000000077f0                smExit
 *fill*         0x0000000000007838        0x8 
 .text.smEncodeName
                0x0000000000007840       0x38 /opt/devkitpro/libnx/lib/libnx.a(sm.o)
                0x0000000000007840                smEncodeName
 *fill*         0x0000000000007878        0x8 
 .text.smGetServiceOriginal
                0x0000000000007880      0x12c /opt/devkitpro/libnx/lib/libnx.a(sm.o)
                0x0000000000007880                smGetServiceOriginal
 *fill*         0x00000000000079ac        0x4 
 .text.smInitialize
                0x00000000000079b0      0x158 /opt/devkitpro/libnx/lib/libnx.a(sm.o)
                0x00000000000079b0                smInitialize
 *fill*         0x0000000000007b08        0x8 
 .text.smGetService
                0x0000000000007b10       0x74 /opt/devkitpro/libnx/lib/libnx.a(sm.o)
                0x0000000000007b10                smGetService
 *fill*         0x0000000000007b84        0xc 
 .text.ipcCloseObjectById
                0x0000000000007b90       0x34 /opt/devkitpro/libnx/lib/libnx.a(apm.o)
 *fill*         0x0000000000007bc4        0xc 
 .text._apmGetSession.constprop.4
                0x0000000000007bd0      0x124 /opt/devkitpro/libnx/lib/libnx.a(apm.o)
 *fill*         0x0000000000007cf4        0xc 
 .text.apmExit  0x0000000000007d00       0xf0 /opt/devkitpro/libnx/lib/libnx.a(apm.o)
                0x0000000000007d00                apmExit
 .text.apmInitialize
                0x0000000000007df0       0x8c /opt/devkitpro/libnx/lib/libnx.a(apm.o)
                0x0000000000007df0                apmInitialize
 *fill*         0x0000000000007e7c        0x4 
 .text.apmSetPerformanceConfiguration
                0x0000000000007e80       0xcc /opt/devkitpro/libnx/lib/libnx.a(apm.o)
                0x0000000000007e80                apmSetPerformanceConfiguration
 *fill*         0x0000000000007f4c        0x4 
 .text.fatalSimple
                0x0000000000007f50       0xc0 /opt/devkitpro/libnx/lib/libnx.a(fatal.o)
                0x0000000000007f50                fatalSimple
 .text.ipcCloseObjectById
                0x0000000000008010       0x34 /opt/devkitpro/libnx/lib/libnx.a(fs.o)
 *fill*         0x0000000000008044        0xc 
 .text.fsInitialize
                0x0000000000008050      0x124 /opt/devkitpro/libnx/lib/libnx.a(fs.o)
                0x0000000000008050                fsInitialize
 *fill*         0x0000000000008174        0xc 
 .text.fsExit   0x0000000000008180       0x9c /opt/devkitpro/libnx/lib/libnx.a(fs.o)
                0x0000000000008180                fsExit
 *fill*         0x000000000000821c        0x4 
 .text.fsMountSdcard
                0x0000000000008220      0x134 /opt/devkitpro/libnx/lib/libnx.a(fs.o)
                0x0000000000008220                fsMountSdcard
 *fill*         0x0000000000008354        0xc 
 .text.fsOpenSaveDataIterator
                0x0000000000008360      0x17c /opt/devkitpro/libnx/lib/libnx.a(fs.o)
                0x0000000000008360                fsOpenSaveDataIterator
 *fill*         0x00000000000084dc        0x4 
 .text.fsFsCreateFile
                0x00000000000084e0       0xf4 /opt/devkitpro/libnx/lib/libnx.a(fs.o)
                0x00000000000084e0                fsFsCreateFile
 *fill*         0x00000000000085d4        0xc 
 .text.fsFsDeleteFile
                0x00000000000085e0       0xf0 /opt/devkitpro/libnx/lib/libnx.a(fs.o)
                0x00000000000085e0                fsFsDeleteFile
 .text.fsFsCreateDirectory
                0x00000000000086d0       0xf0 /opt/devkitpro/libnx/lib/libnx.a(fs.o)
                0x00000000000086d0                fsFsCreateDirectory
 .text.fsFsDeleteDirectory
                0x00000000000087c0       0xf0 /opt/devkitpro/libnx/lib/libnx.a(fs.o)
                0x00000000000087c0                fsFsDeleteDirectory
 .text.fsFsRenameFile
                0x00000000000088b0      0x11c /opt/devkitpro/libnx/lib/libnx.a(fs.o)
                0x00000000000088b0                fsFsRenameFile
 *fill*         0x00000000000089cc        0x4 
 .text.fsFsRenameDirectory
                0x00000000000089d0      0x11c /opt/devkitpro/libnx/lib/libnx.a(fs.o)
                0x00000000000089d0                fsFsRenameDirectory
 *fill*         0x0000000000008aec        0x4 
 .text.fsFsGetEntryType
                0x0000000000008af0      0x104 /opt/devkitpro/libnx/lib/libnx.a(fs.o)
                0x0000000000008af0                fsFsGetEntryType
 *fill*         0x0000000000008bf4        0xc 
 .text.fsFsOpenFile
                0x0000000000008c00      0x154 /opt/devkitpro/libnx/lib/libnx.a(fs.o)
                0x0000000000008c00                fsFsOpenFile
 *fill*         0x0000000000008d54        0xc 
 .text.fsFsOpenDirectory
                0x0000000000008d60      0x14c /opt/devkitpro/libnx/lib/libnx.a(fs.o)
                0x0000000000008d60                fsFsOpenDirectory
 *fill*         0x0000000000008eac        0x4 
 .text.fsFsGetFreeSpace
                0x0000000000008eb0      0x104 /opt/devkitpro/libnx/lib/libnx.a(fs.o)
                0x0000000000008eb0                fsFsGetFreeSpace
 *fill*         0x0000000000008fb4        0xc 
 .text.fsFsGetTotalSpace
                0x0000000000008fc0      0x104 /opt/devkitpro/libnx/lib/libnx.a(fs.o)
                0x0000000000008fc0                fsFsGetTotalSpace
 *fill*         0x00000000000090c4        0xc 
 .text.fsFsClose
                0x00000000000090d0       0x6c /opt/devkitpro/libnx/lib/libnx.a(fs.o)
                0x00000000000090d0                fsFsClose
 *fill*         0x000000000000913c        0x4 
 .text.fsFileRead
                0x0000000000009140      0x108 /opt/devkitpro/libnx/lib/libnx.a(fs.o)
                0x0000000000009140                fsFileRead
 *fill*         0x0000000000009248        0x8 
 .text.fsFileWrite
                0x0000000000009250       0xf8 /opt/devkitpro/libnx/lib/libnx.a(fs.o)
                0x0000000000009250                fsFileWrite
 *fill*         0x0000000000009348        0x8 
 .text.fsFileFlush
                0x0000000000009350       0xc8 /opt/devkitpro/libnx/lib/libnx.a(fs.o)
                0x0000000000009350                fsFileFlush
 *fill*         0x0000000000009418        0x8 
 .text.fsFileSetSize
                0x0000000000009420       0xc8 /opt/devkitpro/libnx/lib/libnx.a(fs.o)
                0x0000000000009420                fsFileSetSize
 *fill*         0x00000000000094e8        0x8 
 .text.fsFileGetSize
                0x00000000000094f0       0xec /opt/devkitpro/libnx/lib/libnx.a(fs.o)
                0x00000000000094f0                fsFileGetSize
 *fill*         0x00000000000095dc        0x4 
 .text.fsFileClose
                0x00000000000095e0       0x6c /opt/devkitpro/libnx/lib/libnx.a(fs.o)
                0x00000000000095e0                fsFileClose
 *fill*         0x000000000000964c        0x4 
 .text.fsDirClose
                0x0000000000009650       0x6c /opt/devkitpro/libnx/lib/libnx.a(fs.o)
                0x0000000000009650                fsDirClose
 *fill*         0x00000000000096bc        0x4 
 .text.fsDirRead
                0x00000000000096c0      0x110 /opt/devkitpro/libnx/lib/libnx.a(fs.o)
                0x00000000000096c0                fsDirRead
 .text.fsSaveDataIteratorRead
                0x00000000000097d0      0x110 /opt/devkitpro/libnx/lib/libnx.a(fs.o)
                0x00000000000097d0                fsSaveDataIteratorRead
 .text.fsSaveDataIteratorClose
                0x00000000000098e0       0x6c /opt/devkitpro/libnx/lib/libnx.a(fs.o)
                0x00000000000098e0                fsSaveDataIteratorClose
 *fill*         0x000000000000994c        0x4 
 .text._gfxDequeueBuffer.part.0
                0x0000000000009950       0xc8 /opt/devkitpro/libnx/lib/libnx.a(gfx.o)
 *fill*         0x0000000000009a18        0x8 
 .text._gfxQueueBuffer.part.1
                0x0000000000009a20       0x38 /opt/devkitpro/libnx/lib/libnx.a(gfx.o)
 *fill*         0x0000000000009a58        0x8 
 .text.gfxConfigureCrop
                0x0000000000009a60       0xe8 /opt/devkitpro/libnx/lib/libnx.a(gfx.o)
                0x0000000000009a60                gfxConfigureCrop
 *fill*         0x0000000000009b48        0x8 
 .text.gfxConfigureResolution
                0x0000000000009b50       0x14 /opt/devkitpro/libnx/lib/libnx.a(gfx.o)
                0x0000000000009b50                gfxConfigureResolution
 *fill*         0x0000000000009b64        0xc 
 .text._gfxAutoResolutionAppletHook
                0x0000000000009b70       0x60 /opt/devkitpro/libnx/lib/libnx.a(gfx.o)
 .text.gfxConfigureAutoResolution
                0x0000000000009bd0      0x11c /opt/devkitpro/libnx/lib/libnx.a(gfx.o)
                0x0000000000009bd0                gfxConfigureAutoResolution
 *fill*         0x0000000000009cec        0x4 
 .text.gfxExit  0x0000000000009cf0      0x178 /opt/devkitpro/libnx/lib/libnx.a(gfx.o)
                0x0000000000009cf0                gfxExit
 *fill*         0x0000000000009e68        0x8 
 .text._gfxGraphicBufferInit
                0x0000000000009e70       0x54 /opt/devkitpro/libnx/lib/libnx.a(gfx.o)
                0x0000000000009e70                _gfxGraphicBufferInit
 *fill*         0x0000000000009ec4        0xc 
 .text.gfxWaitForVsync
                0x0000000000009ed0       0x80 /opt/devkitpro/libnx/lib/libnx.a(gfx.o)
                0x0000000000009ed0                gfxWaitForVsync
 .text.gfxInitDefault
                0x0000000000009f50      0x588 /opt/devkitpro/libnx/lib/libnx.a(gfx.o)
                0x0000000000009f50                gfxInitDefault
 *fill*         0x000000000000a4d8        0x8 
 .text.gfxSwapBuffers
                0x000000000000a4e0       0x5c /opt/devkitpro/libnx/lib/libnx.a(gfx.o)
                0x000000000000a4e0                gfxSwapBuffers
 *fill*         0x000000000000a53c        0x4 
 .text.gfxGetFramebuffer
                0x000000000000a540       0x68 /opt/devkitpro/libnx/lib/libnx.a(gfx.o)
                0x000000000000a540                gfxGetFramebuffer
 *fill*         0x000000000000a5a8        0x8 
 .text.gfxSetMode
                0x000000000000a5b0        0xc /opt/devkitpro/libnx/lib/libnx.a(gfx.o)
                0x000000000000a5b0                gfxSetMode
 *fill*         0x000000000000a5bc        0x4 
 .text.gfxFlushBuffers
                0x000000000000a5c0      0x144 /opt/devkitpro/libnx/lib/libnx.a(gfx.o)
                0x000000000000a5c0                gfxFlushBuffers
 *fill*         0x000000000000a704        0xc 
 .text.nvmapobjClose
                0x000000000000a710       0x3c /opt/devkitpro/libnx/lib/libnx.a(nvgfx.o)
 *fill*         0x000000000000a74c        0x4 
 .text.nvmapobjInitialize.part.0
                0x000000000000a750       0x6c /opt/devkitpro/libnx/lib/libnx.a(nvgfx.o)
 *fill*         0x000000000000a7bc        0x4 
 .text.nvmapobjSetup.constprop.2
                0x000000000000a7c0       0x70 /opt/devkitpro/libnx/lib/libnx.a(nvgfx.o)
 .text.nvgfxInitialize
                0x000000000000a830      0xbd8 /opt/devkitpro/libnx/lib/libnx.a(nvgfx.o)
                0x000000000000a830                nvgfxInitialize
 *fill*         0x000000000000b408        0x8 
 .text.nvgfxExit
                0x000000000000b410      0x128 /opt/devkitpro/libnx/lib/libnx.a(nvgfx.o)
                0x000000000000b410                nvgfxExit
 *fill*         0x000000000000b538        0x8 
 .text.nvgfxEventWait
                0x000000000000b540       0x68 /opt/devkitpro/libnx/lib/libnx.a(nvgfx.o)
                0x000000000000b540                nvgfxEventWait
 *fill*         0x000000000000b5a8        0x8 
 .text.nvgfxGetFramebuffer
                0x000000000000b5b0       0x3c /opt/devkitpro/libnx/lib/libnx.a(nvgfx.o)
                0x000000000000b5b0                nvgfxGetFramebuffer
 *fill*         0x000000000000b5ec        0x4 
 .text.nvioctlChannel_SetNvmapFd
                0x000000000000b5f0       0x24 /opt/devkitpro/libnx/lib/libnx.a(channel.o)
                0x000000000000b5f0                nvioctlChannel_SetNvmapFd
 *fill*         0x000000000000b614        0xc 
 .text.nvioctlChannel_AllocObjCtx
                0x000000000000b620       0x30 /opt/devkitpro/libnx/lib/libnx.a(channel.o)
                0x000000000000b620                nvioctlChannel_AllocObjCtx
 .text.nvioctlChannel_ZCullBind
                0x000000000000b650       0x28 /opt/devkitpro/libnx/lib/libnx.a(channel.o)
                0x000000000000b650                nvioctlChannel_ZCullBind
 *fill*         0x000000000000b678        0x8 
 .text.nvioctlChannel_SetErrorNotifier
                0x000000000000b680       0x28 /opt/devkitpro/libnx/lib/libnx.a(channel.o)
                0x000000000000b680                nvioctlChannel_SetErrorNotifier
 *fill*         0x000000000000b6a8        0x8 
 .text.nvioctlChannel_SetPriority
                0x000000000000b6b0       0x24 /opt/devkitpro/libnx/lib/libnx.a(channel.o)
                0x000000000000b6b0                nvioctlChannel_SetPriority
 *fill*         0x000000000000b6d4        0xc 
 .text.nvioctlChannel_AllocGpfifoEx2
                0x000000000000b6e0       0x54 /opt/devkitpro/libnx/lib/libnx.a(channel.o)
                0x000000000000b6e0                nvioctlChannel_AllocGpfifoEx2
 *fill*         0x000000000000b734        0xc 
 .text.nvioctlChannel_SetUserData
                0x000000000000b740       0x24 /opt/devkitpro/libnx/lib/libnx.a(channel.o)
                0x000000000000b740                nvioctlChannel_SetUserData
 *fill*         0x000000000000b764        0xc 
 .text.nvioctlNvhostCtrl_EventWait
                0x000000000000b770       0x40 /opt/devkitpro/libnx/lib/libnx.a(nvhost-ctrl.o)
                0x000000000000b770                nvioctlNvhostCtrl_EventWait
 .text.nvioctlNvhostCtrlGpu_ZCullGetCtxSize
                0x000000000000b7b0       0x3c /opt/devkitpro/libnx/lib/libnx.a(nvhost-ctrl-gpu.o)
                0x000000000000b7b0                nvioctlNvhostCtrlGpu_ZCullGetCtxSize
 *fill*         0x000000000000b7ec        0x4 
 .text.nvioctlNvhostCtrlGpu_ZCullGetInfo
                0x000000000000b7f0       0x60 /opt/devkitpro/libnx/lib/libnx.a(nvhost-ctrl-gpu.o)
                0x000000000000b7f0                nvioctlNvhostCtrlGpu_ZCullGetInfo
 .text.nvioctlNvhostCtrlGpu_GetCharacteristics
                0x000000000000b850       0x9c /opt/devkitpro/libnx/lib/libnx.a(nvhost-ctrl-gpu.o)
                0x000000000000b850                nvioctlNvhostCtrlGpu_GetCharacteristics
 *fill*         0x000000000000b8ec        0x4 
 .text.nvioctlNvhostCtrlGpu_GetTpcMasks
                0x000000000000b8f0       0x5c /opt/devkitpro/libnx/lib/libnx.a(nvhost-ctrl-gpu.o)
                0x000000000000b8f0                nvioctlNvhostCtrlGpu_GetTpcMasks
 *fill*         0x000000000000b94c        0x4 
 .text.nvioctlNvhostCtrlGpu_GetL2State
                0x000000000000b950       0x3c /opt/devkitpro/libnx/lib/libnx.a(nvhost-ctrl-gpu.o)
                0x000000000000b950                nvioctlNvhostCtrlGpu_GetL2State
 *fill*         0x000000000000b98c        0x4 
 .text.nvioctlNvhostAsGpu_BindChannel
                0x000000000000b990       0x24 /opt/devkitpro/libnx/lib/libnx.a(nvhost-as-gpu.o)
                0x000000000000b990                nvioctlNvhostAsGpu_BindChannel
 *fill*         0x000000000000b9b4        0xc 
 .text.nvioctlNvhostAsGpu_AllocSpace
                0x000000000000b9c0       0x44 /opt/devkitpro/libnx/lib/libnx.a(nvhost-as-gpu.o)
                0x000000000000b9c0                nvioctlNvhostAsGpu_AllocSpace
 *fill*         0x000000000000ba04        0xc 
 .text.nvioctlNvhostAsGpu_MapBufferEx
                0x000000000000ba10       0x50 /opt/devkitpro/libnx/lib/libnx.a(nvhost-as-gpu.o)
                0x000000000000ba10                nvioctlNvhostAsGpu_MapBufferEx
 .text.nvioctlNvhostAsGpu_GetVARegions
                0x000000000000ba60       0x70 /opt/devkitpro/libnx/lib/libnx.a(nvhost-as-gpu.o)
                0x000000000000ba60                nvioctlNvhostAsGpu_GetVARegions
 .text.nvioctlNvhostAsGpu_InitializeEx
                0x000000000000bad0       0x3c /opt/devkitpro/libnx/lib/libnx.a(nvhost-as-gpu.o)
                0x000000000000bad0                nvioctlNvhostAsGpu_InitializeEx
 *fill*         0x000000000000bb0c        0x4 
 .text.nvioctlNvmap_Create
                0x000000000000bb10       0x3c /opt/devkitpro/libnx/lib/libnx.a(nvmap.o)
                0x000000000000bb10                nvioctlNvmap_Create
 *fill*         0x000000000000bb4c        0x4 
 .text.nvioctlNvmap_FromId
                0x000000000000bb50       0x3c /opt/devkitpro/libnx/lib/libnx.a(nvmap.o)
                0x000000000000bb50                nvioctlNvmap_FromId
 *fill*         0x000000000000bb8c        0x4 
 .text.nvioctlNvmap_Alloc
                0x000000000000bb90       0x30 /opt/devkitpro/libnx/lib/libnx.a(nvmap.o)
                0x000000000000bb90                nvioctlNvmap_Alloc
 .text.nvioctlNvmap_GetId
                0x000000000000bbc0       0x3c /opt/devkitpro/libnx/lib/libnx.a(nvmap.o)
                0x000000000000bbc0                nvioctlNvmap_GetId
 .text.armDCacheFlush
                0x000000000000bbfc       0x3c /opt/devkitpro/libnx/lib/libnx.a(cache.o)
                0x000000000000bbfc                armDCacheFlush
 .text.svcSetHeapSize
                0x000000000000bc38       0x14 /opt/devkitpro/libnx/lib/libnx.a(svc.o)
                0x000000000000bc38                svcSetHeapSize
 .text.svcUnmapMemory
                0x000000000000bc4c        0x8 /opt/devkitpro/libnx/lib/libnx.a(svc.o)
                0x000000000000bc4c                svcUnmapMemory
 .text.svcQueryMemory
                0x000000000000bc54       0x14 /opt/devkitpro/libnx/lib/libnx.a(svc.o)
                0x000000000000bc54                svcQueryMemory
 .text.svcExitProcess
                0x000000000000bc68        0x8 /opt/devkitpro/libnx/lib/libnx.a(svc.o)
                0x000000000000bc68                svcExitProcess
 .text.svcSleepThread
                0x000000000000bc70        0x8 /opt/devkitpro/libnx/lib/libnx.a(svc.o)
                0x000000000000bc70                svcSleepThread
 .text.svcMapSharedMemory
                0x000000000000bc78        0x8 /opt/devkitpro/libnx/lib/libnx.a(svc.o)
                0x000000000000bc78                svcMapSharedMemory
 .text.svcUnmapSharedMemory
                0x000000000000bc80        0x8 /opt/devkitpro/libnx/lib/libnx.a(svc.o)
                0x000000000000bc80                svcUnmapSharedMemory
 .text.svcCreateTransferMemory
                0x000000000000bc88       0x14 /opt/devkitpro/libnx/lib/libnx.a(svc.o)
                0x000000000000bc88                svcCreateTransferMemory
 .text.svcCloseHandle
                0x000000000000bc9c        0x8 /opt/devkitpro/libnx/lib/libnx.a(svc.o)
                0x000000000000bc9c                svcCloseHandle
 .text.svcResetSignal
                0x000000000000bca4        0x8 /opt/devkitpro/libnx/lib/libnx.a(svc.o)
                0x000000000000bca4                svcResetSignal
 .text.svcWaitSynchronization
                0x000000000000bcac       0x14 /opt/devkitpro/libnx/lib/libnx.a(svc.o)
                0x000000000000bcac                svcWaitSynchronization
 .text.svcArbitrateLock
                0x000000000000bcc0        0x8 /opt/devkitpro/libnx/lib/libnx.a(svc.o)
                0x000000000000bcc0                svcArbitrateLock
 .text.svcArbitrateUnlock
                0x000000000000bcc8        0x8 /opt/devkitpro/libnx/lib/libnx.a(svc.o)
                0x000000000000bcc8                svcArbitrateUnlock
 .text.svcGetSystemTick
                0x000000000000bcd0        0x8 /opt/devkitpro/libnx/lib/libnx.a(svc.o)
                0x000000000000bcd0                svcGetSystemTick
 .text.svcConnectToNamedPort
                0x000000000000bcd8       0x14 /opt/devkitpro/libnx/lib/libnx.a(svc.o)
                0x000000000000bcd8                svcConnectToNamedPort
 .text.svcSendSyncRequest
                0x000000000000bcec        0x8 /opt/devkitpro/libnx/lib/libnx.a(svc.o)
                0x000000000000bcec                svcSendSyncRequest
 .text.svcBreak
                0x000000000000bcf4        0x8 /opt/devkitpro/libnx/lib/libnx.a(svc.o)
                0x000000000000bcf4                svcBreak
 .text.svcGetInfo
                0x000000000000bcfc       0x14 /opt/devkitpro/libnx/lib/libnx.a(svc.o)
                0x000000000000bcfc                svcGetInfo
 .text.svcUnmapTransferMemory
                0x000000000000bd10        0x8 /opt/devkitpro/libnx/lib/libnx.a(svc.o)
                0x000000000000bd10                svcUnmapTransferMemory
 *fill*         0x000000000000bd18        0x8 
 .text.__nx_dynamic
                0x000000000000bd20       0xa0 /opt/devkitpro/libnx/lib/libnx.a(dynamic.o)
                0x000000000000bd20                __nx_dynamic
 .text.__libnx_initheap
                0x000000000000bdc0       0xd8 /opt/devkitpro/libnx/lib/libnx.a(init.o)
                0x000000000000bdc0                __libnx_initheap
 *fill*         0x000000000000be98        0x8 
 .text.__appInit
                0x000000000000bea0       0x74 /opt/devkitpro/libnx/lib/libnx.a(init.o)
                0x000000000000bea0                __appInit
 *fill*         0x000000000000bf14        0xc 
 .text.__appExit
                0x000000000000bf20       0x24 /opt/devkitpro/libnx/lib/libnx.a(init.o)
                0x000000000000bf20                __appExit
 *fill*         0x000000000000bf44        0xc 
 .text.__libnx_init
                0x000000000000bf50       0x28 /opt/devkitpro/libnx/lib/libnx.a(init.o)
                0x000000000000bf50                __libnx_init
 *fill*         0x000000000000bf78        0x8 
 .text.__libnx_exit
                0x000000000000bf80       0x20 /opt/devkitpro/libnx/lib/libnx.a(init.o)
                0x000000000000bf80                __libnx_exit
 .text.envSetup
                0x000000000000bfa0      0x1b0 /opt/devkitpro/libnx/lib/libnx.a(env.o)
                0x000000000000bfa0                envSetup
 .text.envGetMainThreadHandle
                0x000000000000c150       0x20 /opt/devkitpro/libnx/lib/libnx.a(env.o)
                0x000000000000c150                envGetMainThreadHandle
 .text.envIsNso
                0x000000000000c170        0xc /opt/devkitpro/libnx/lib/libnx.a(env.o)
                0x000000000000c170                envIsNso
 *fill*         0x000000000000c17c        0x4 
 .text.envHasHeapOverride
                0x000000000000c180       0x14 /opt/devkitpro/libnx/lib/libnx.a(env.o)
                0x000000000000c180                envHasHeapOverride
 *fill*         0x000000000000c194        0xc 
 .text.envGetHeapOverrideAddr
                0x000000000000c1a0        0xc /opt/devkitpro/libnx/lib/libnx.a(env.o)
                0x000000000000c1a0                envGetHeapOverrideAddr
 *fill*         0x000000000000c1ac        0x4 
 .text.envGetHeapOverrideSize
                0x000000000000c1b0        0xc /opt/devkitpro/libnx/lib/libnx.a(env.o)
                0x000000000000c1b0                envGetHeapOverrideSize
 *fill*         0x000000000000c1bc        0x4 
 .text.envHasArgv
                0x000000000000c1c0       0x14 /opt/devkitpro/libnx/lib/libnx.a(env.o)
                0x000000000000c1c0                envHasArgv
 *fill*         0x000000000000c1d4        0xc 
 .text.envGetArgv
                0x000000000000c1e0        0xc /opt/devkitpro/libnx/lib/libnx.a(env.o)
                0x000000000000c1e0                envGetArgv
 *fill*         0x000000000000c1ec        0x4 
 .text.envGetExitFuncPtr
                0x000000000000c1f0        0xc /opt/devkitpro/libnx/lib/libnx.a(env.o)
                0x000000000000c1f0                envGetExitFuncPtr
 *fill*         0x000000000000c1fc        0x4 
 .text.mutexInit
                0x000000000000c200        0x8 /opt/devkitpro/libnx/lib/libnx.a(newlib.o)
 *fill*         0x000000000000c208        0x8 
 .text.rmutexInit
                0x000000000000c210        0xc /opt/devkitpro/libnx/lib/libnx.a(newlib.o)
 *fill*         0x000000000000c21c        0x4 
 .text.__libnx_gtod
                0x000000000000c220       0x80 /opt/devkitpro/libnx/lib/libnx.a(newlib.o)
                0x000000000000c220                __libnx_gtod
 .text.__libnx_get_reent
                0x000000000000c2a0       0x34 /opt/devkitpro/libnx/lib/libnx.a(newlib.o)
 *fill*         0x000000000000c2d4        0xc 
 .text.newlibSetup
                0x000000000000c2e0       0xec /opt/devkitpro/libnx/lib/libnx.a(newlib.o)
                0x000000000000c2e0                newlibSetup
 *fill*         0x000000000000c3cc        0x4 
 .text.argvSetup
                0x000000000000c3d0      0x368 /opt/devkitpro/libnx/lib/libnx.a(argv.o)
                0x000000000000c3d0                argvSetup
 *fill*         0x000000000000c738        0x8 
 .text._CacheValues
                0x000000000000c740      0x140 /opt/devkitpro/libnx/lib/libnx.a(detect.o)
 .text.kernelAbove200
                0x000000000000c880       0x1c /opt/devkitpro/libnx/lib/libnx.a(detect.o)
                0x000000000000c880                kernelAbove200
 *fill*         0x000000000000c89c        0x4 
 .text.kernelAbove300
                0x000000000000c8a0       0x1c /opt/devkitpro/libnx/lib/libnx.a(detect.o)
                0x000000000000c8a0                kernelAbove300
 *fill*         0x000000000000c8bc        0x4 
 .text.detectDebugger
                0x000000000000c8c0       0x30 /opt/devkitpro/libnx/lib/libnx.a(detect.o)
                0x000000000000c8c0                detectDebugger
 .text.shmemLoadRemote
                0x000000000000c8f0       0x14 /opt/devkitpro/libnx/lib/libnx.a(shmem.o)
                0x000000000000c8f0                shmemLoadRemote
 *fill*         0x000000000000c904        0xc 
 .text.shmemMap
                0x000000000000c910       0x84 /opt/devkitpro/libnx/lib/libnx.a(shmem.o)
                0x000000000000c910                shmemMap
 *fill*         0x000000000000c994        0xc 
 .text.shmemUnmap
                0x000000000000c9a0       0x58 /opt/devkitpro/libnx/lib/libnx.a(shmem.o)
                0x000000000000c9a0                shmemUnmap
 *fill*         0x000000000000c9f8        0x8 
 .text.shmemClose
                0x000000000000ca00       0x44 /opt/devkitpro/libnx/lib/libnx.a(shmem.o)
                0x000000000000ca00                shmemClose
 *fill*         0x000000000000ca44        0xc 
 .text.rwlockReadLock
                0x000000000000ca50       0x4c /opt/devkitpro/libnx/lib/libnx.a(rwlock.o)
                0x000000000000ca50                rwlockReadLock
 *fill*         0x000000000000ca9c        0x4 
 .text.rwlockReadUnlock
                0x000000000000caa0       0x4c /opt/devkitpro/libnx/lib/libnx.a(rwlock.o)
                0x000000000000caa0                rwlockReadUnlock
 *fill*         0x000000000000caec        0x4 
 .text.rwlockWriteLock
                0x000000000000caf0        0x8 /opt/devkitpro/libnx/lib/libnx.a(rwlock.o)
                0x000000000000caf0                rwlockWriteLock
 *fill*         0x000000000000caf8        0x8 
 .text.rwlockWriteUnlock
                0x000000000000cb00        0x8 /opt/devkitpro/libnx/lib/libnx.a(rwlock.o)
                0x000000000000cb00                rwlockWriteUnlock
 *fill*         0x000000000000cb08        0x8 
 .text.mutexLock
                0x000000000000cb10       0x94 /opt/devkitpro/libnx/lib/libnx.a(mutex.o)
                0x000000000000cb10                mutexLock
 *fill*         0x000000000000cba4        0xc 
 .text.mutexUnlock
                0x000000000000cbb0       0x24 /opt/devkitpro/libnx/lib/libnx.a(mutex.o)
                0x000000000000cbb0                mutexUnlock
 *fill*         0x000000000000cbd4        0xc 
 .text.rmutexLock
                0x000000000000cbe0       0x4c /opt/devkitpro/libnx/lib/libnx.a(mutex.o)
                0x000000000000cbe0                rmutexLock
 *fill*         0x000000000000cc2c        0x4 
 .text.rmutexUnlock
                0x000000000000cc30       0x1c /opt/devkitpro/libnx/lib/libnx.a(mutex.o)
                0x000000000000cc30                rmutexUnlock
 *fill*         0x000000000000cc4c        0x4 
 .text._GetRegionFromInfo.isra.1
                0x000000000000cc50       0x7c /opt/devkitpro/libnx/lib/libnx.a(virtmem.o)
 *fill*         0x000000000000cccc        0x4 
 .text.virtmemSetup
                0x000000000000ccd0       0xe4 /opt/devkitpro/libnx/lib/libnx.a(virtmem.o)
                0x000000000000ccd0                virtmemSetup
 *fill*         0x000000000000cdb4        0xc 
 .text.virtmemReserve
                0x000000000000cdc0      0x13c /opt/devkitpro/libnx/lib/libnx.a(virtmem.o)
                0x000000000000cdc0                virtmemReserve
 *fill*         0x000000000000cefc        0x4 
 .text.virtmemFree
                0x000000000000cf00        0x4 /opt/devkitpro/libnx/lib/libnx.a(virtmem.o)
                0x000000000000cf00                virtmemFree
 *fill*         0x000000000000cf04        0xc 
 .text.fsdev_link
                0x000000000000cf10       0x10 /opt/devkitpro/libnx/lib/libnx.a(fs_dev.o)
 .text.fsdev_dirreset
                0x000000000000cf20       0x10 /opt/devkitpro/libnx/lib/libnx.a(fs_dev.o)
 .text.fsdev_chmod
                0x000000000000cf30       0x10 /opt/devkitpro/libnx/lib/libnx.a(fs_dev.o)
 .text.error_cmp
                0x000000000000cf40       0x1c /opt/devkitpro/libnx/lib/libnx.a(fs_dev.o)
 *fill*         0x000000000000cf5c        0x4 
 .text.fsdev_translate_error
                0x000000000000cf60       0x58 /opt/devkitpro/libnx/lib/libnx.a(fs_dev.o)
 *fill*         0x000000000000cfb8        0x8 
 .text.fsdev_fsync
                0x000000000000cfc0       0x40 /opt/devkitpro/libnx/lib/libnx.a(fs_dev.o)
 .text.fsdev_ftruncate
                0x000000000000d000       0x60 /opt/devkitpro/libnx/lib/libnx.a(fs_dev.o)
 .text.fsdev_dirclose
                0x000000000000d060       0x20 /opt/devkitpro/libnx/lib/libnx.a(fs_dev.o)
 .text.fsdev_dirnext
                0x000000000000d080      0x16c /opt/devkitpro/libnx/lib/libnx.a(fs_dev.o)
 *fill*         0x000000000000d1ec        0x4 
 .text.fsdev_close
                0x000000000000d1f0       0x1c /opt/devkitpro/libnx/lib/libnx.a(fs_dev.o)
 *fill*         0x000000000000d20c        0x4 
 .text.fsdev_fstat
                0x000000000000d210       0x80 /opt/devkitpro/libnx/lib/libnx.a(fs_dev.o)
 .text.fsdev_seek
                0x000000000000d290       0xb0 /opt/devkitpro/libnx/lib/libnx.a(fs_dev.o)
 .text.fsdev_read
                0x000000000000d340      0x198 /opt/devkitpro/libnx/lib/libnx.a(fs_dev.o)
 *fill*         0x000000000000d4d8        0x8 
 .text.fsdev_write
                0x000000000000d4e0      0x1a0 /opt/devkitpro/libnx/lib/libnx.a(fs_dev.o)
 .text.fsdevFindDevice
                0x000000000000d680      0x118 /opt/devkitpro/libnx/lib/libnx.a(fs_dev.o)
 *fill*         0x000000000000d798        0x8 
 .text._fsdevMountDevice
                0x000000000000d7a0      0x168 /opt/devkitpro/libnx/lib/libnx.a(fs_dev.o)
 *fill*         0x000000000000d908        0x8 
 .text.fsdev_getfspath
                0x000000000000d910      0x1fc /opt/devkitpro/libnx/lib/libnx.a(fs_dev.o)
 *fill*         0x000000000000db0c        0x4 
 .text.fsdev_rmdir
                0x000000000000db10       0x70 /opt/devkitpro/libnx/lib/libnx.a(fs_dev.o)
 .text.fsdev_statvfs
                0x000000000000db80       0xd4 /opt/devkitpro/libnx/lib/libnx.a(fs_dev.o)
 *fill*         0x000000000000dc54        0xc 
 .text.fsdev_diropen
                0x000000000000dc60       0xec /opt/devkitpro/libnx/lib/libnx.a(fs_dev.o)
 *fill*         0x000000000000dd4c        0x4 
 .text.fsdev_mkdir
                0x000000000000dd50       0x70 /opt/devkitpro/libnx/lib/libnx.a(fs_dev.o)
 .text.fsdev_rename
                0x000000000000ddc0      0x114 /opt/devkitpro/libnx/lib/libnx.a(fs_dev.o)
 *fill*         0x000000000000ded4        0xc 
 .text.fsdev_chdir
                0x000000000000dee0       0xc4 /opt/devkitpro/libnx/lib/libnx.a(fs_dev.o)
 *fill*         0x000000000000dfa4        0xc 
 .text.fsdev_unlink
                0x000000000000dfb0       0x70 /opt/devkitpro/libnx/lib/libnx.a(fs_dev.o)
 .text.fsdev_stat
                0x000000000000e020      0x168 /opt/devkitpro/libnx/lib/libnx.a(fs_dev.o)
 *fill*         0x000000000000e188        0x8 
 .text.fsdev_open
                0x000000000000e190      0x180 /opt/devkitpro/libnx/lib/libnx.a(fs_dev.o)
 .text._fsdevUnmountDeviceStruct.part.4
                0x000000000000e310       0xb8 /opt/devkitpro/libnx/lib/libnx.a(fs_dev.o)
 *fill*         0x000000000000e3c8        0x8 
 .text.fsdev_fchmod
                0x000000000000e3d0       0x10 /opt/devkitpro/libnx/lib/libnx.a(fs_dev.o)
 .text.fsdevMountSdmc
                0x000000000000e3e0      0x158 /opt/devkitpro/libnx/lib/libnx.a(fs_dev.o)
                0x000000000000e3e0                fsdevMountSdmc
 *fill*         0x000000000000e538        0x8 
 .text.fsdevUnmountAll
                0x000000000000e540       0x64 /opt/devkitpro/libnx/lib/libnx.a(fs_dev.o)
                0x000000000000e540                fsdevUnmountAll
 *fill*         0x000000000000e5a4        0xc 
 .text.ipcCloseObjectById
                0x000000000000e5b0       0x34 /opt/devkitpro/libnx/lib/libnx.a(time.o)
 *fill*         0x000000000000e5e4        0xc 
 .text._timeGetSession
                0x000000000000e5f0      0x12c /opt/devkitpro/libnx/lib/libnx.a(time.o)
 *fill*         0x000000000000e71c        0x4 
 .text.timeExit
                0x000000000000e720      0x1ec /opt/devkitpro/libnx/lib/libnx.a(time.o)
                0x000000000000e720                timeExit
 *fill*         0x000000000000e90c        0x4 
 .text.timeInitialize
                0x000000000000e910       0xd8 /opt/devkitpro/libnx/lib/libnx.a(time.o)
                0x000000000000e910                timeInitialize
 *fill*         0x000000000000e9e8        0x8 
 .text.timeGetCurrentTime
                0x000000000000e9f0      0x124 /opt/devkitpro/libnx/lib/libnx.a(time.o)
                0x000000000000e9f0                timeGetCurrentTime
 *fill*         0x000000000000eb14        0xc 
 .text.ipcCloseObjectById
                0x000000000000eb20       0x34 /opt/devkitpro/libnx/lib/libnx.a(vi.o)
 *fill*         0x000000000000eb54        0xc 
 .text._viCreatestray_layer.isra.4
                0x000000000000eb60      0x130 /opt/devkitpro/libnx/lib/libnx.a(vi.o)
 .text._viGetSession.constprop.6
                0x000000000000ec90      0x134 /opt/devkitpro/libnx/lib/libnx.a(vi.o)
 *fill*         0x000000000000edc4        0xc 
 .text._viOpenLayer
                0x000000000000edd0      0x140 /opt/devkitpro/libnx/lib/libnx.a(vi.o)
 .text.viExit   0x000000000000ef10      0x1d8 /opt/devkitpro/libnx/lib/libnx.a(vi.o)
                0x000000000000ef10                viExit
 *fill*         0x000000000000f0e8        0x8 
 .text.viInitialize
                0x000000000000f0f0      0x26c /opt/devkitpro/libnx/lib/libnx.a(vi.o)
                0x000000000000f0f0                viInitialize
 *fill*         0x000000000000f35c        0x4 
 .text.viGetSession_IHOSBinderDriverRelay
                0x000000000000f360        0xc /opt/devkitpro/libnx/lib/libnx.a(vi.o)
                0x000000000000f360                viGetSession_IHOSBinderDriverRelay
 *fill*         0x000000000000f36c        0x4 
 .text.viOpenDisplay
                0x000000000000f370      0x140 /opt/devkitpro/libnx/lib/libnx.a(vi.o)
                0x000000000000f370                viOpenDisplay
 .text.viCloseDisplay
                0x000000000000f4b0       0xf0 /opt/devkitpro/libnx/lib/libnx.a(vi.o)
                0x000000000000f4b0                viCloseDisplay
 .text.viOpenLayer
                0x000000000000f5a0       0xd0 /opt/devkitpro/libnx/lib/libnx.a(vi.o)
                0x000000000000f5a0                viOpenLayer
 .text.viCloseLayer
                0x000000000000f670      0x100 /opt/devkitpro/libnx/lib/libnx.a(vi.o)
                0x000000000000f670                viCloseLayer
 .text.viSetLayerScalingMode
                0x000000000000f770       0xe8 /opt/devkitpro/libnx/lib/libnx.a(vi.o)
                0x000000000000f770                viSetLayerScalingMode
 *fill*         0x000000000000f858        0x8 
 .text.viGetDisplayVsyncEvent
                0x000000000000f860      0x12c /opt/devkitpro/libnx/lib/libnx.a(vi.o)
                0x000000000000f860                viGetDisplayVsyncEvent
 *fill*         0x000000000000f98c        0x4 
 .text.ipcCloseObjectById
                0x000000000000f990       0x34 /opt/devkitpro/libnx/lib/libnx.a(nv.o)
 *fill*         0x000000000000f9c4        0xc 
 .text.ipcQueryPointerBufferSize.constprop.6
                0x000000000000f9d0       0xc8 /opt/devkitpro/libnx/lib/libnx.a(nv.o)
 *fill*         0x000000000000fa98        0x8 
 .text._nvSetClientPID
                0x000000000000faa0       0xd8 /opt/devkitpro/libnx/lib/libnx.a(nv.o)
 *fill*         0x000000000000fb78        0x8 
 .text._nvInitialize.constprop.5
                0x000000000000fb80       0xf0 /opt/devkitpro/libnx/lib/libnx.a(nv.o)
 .text.nvExit   0x000000000000fc70       0xa8 /opt/devkitpro/libnx/lib/libnx.a(nv.o)
                0x000000000000fc70                nvExit
 *fill*         0x000000000000fd18        0x8 
 .text.nvInitialize
                0x000000000000fd20      0x1a4 /opt/devkitpro/libnx/lib/libnx.a(nv.o)
                0x000000000000fd20                nvInitialize
 *fill*         0x000000000000fec4        0xc 
 .text.nvConvertError
                0x000000000000fed0      0x12c /opt/devkitpro/libnx/lib/libnx.a(nv.o)
                0x000000000000fed0                nvConvertError
 *fill*         0x000000000000fffc        0x4 
 .text.nvOpen   0x0000000000010000      0x12c /opt/devkitpro/libnx/lib/libnx.a(nv.o)
                0x0000000000010000                nvOpen
 *fill*         0x000000000001012c        0x4 
 .text.nvIoctl  0x0000000000010130      0x218 /opt/devkitpro/libnx/lib/libnx.a(nv.o)
                0x0000000000010130                nvIoctl
 *fill*         0x0000000000010348        0x8 
 .text.nvClose  0x0000000000010350       0xdc /opt/devkitpro/libnx/lib/libnx.a(nv.o)
                0x0000000000010350                nvClose
 *fill*         0x000000000001042c        0x4 
 .text.nvQueryEvent
                0x0000000000010430      0x13c /opt/devkitpro/libnx/lib/libnx.a(nv.o)
                0x0000000000010430                nvQueryEvent
 *fill*         0x000000000001056c        0x4 
 .text.bufferProducerInitialize
                0x0000000000010570       0x10 /opt/devkitpro/libnx/lib/libnx.a(buffer_producer.o)
                0x0000000000010570                bufferProducerInitialize
 .text.bufferProducerExit
                0x0000000000010580        0xc /opt/devkitpro/libnx/lib/libnx.a(buffer_producer.o)
                0x0000000000010580                bufferProducerExit
 *fill*         0x000000000001058c        0x4 
 .text.bufferProducerRequestBuffer
                0x0000000000010590      0x11c /opt/devkitpro/libnx/lib/libnx.a(buffer_producer.o)
                0x0000000000010590                bufferProducerRequestBuffer
 *fill*         0x00000000000106ac        0x4 
 .text.bufferProducerDequeueBuffer
                0x00000000000106b0      0x198 /opt/devkitpro/libnx/lib/libnx.a(buffer_producer.o)
                0x00000000000106b0                bufferProducerDequeueBuffer
 *fill*         0x0000000000010848        0x8 
 .text.bufferProducerDetachBuffer
                0x0000000000010850       0x94 /opt/devkitpro/libnx/lib/libnx.a(buffer_producer.o)
                0x0000000000010850                bufferProducerDetachBuffer
 *fill*         0x00000000000108e4        0xc 
 .text.bufferProducerQueueBuffer
                0x00000000000108f0      0x108 /opt/devkitpro/libnx/lib/libnx.a(buffer_producer.o)
                0x00000000000108f0                bufferProducerQueueBuffer
 *fill*         0x00000000000109f8        0x8 
 .text.bufferProducerQuery
                0x0000000000010a00       0xdc /opt/devkitpro/libnx/lib/libnx.a(buffer_producer.o)
                0x0000000000010a00                bufferProducerQuery
 *fill*         0x0000000000010adc        0x4 
 .text.bufferProducerConnect
                0x0000000000010ae0      0x110 /opt/devkitpro/libnx/lib/libnx.a(buffer_producer.o)
                0x0000000000010ae0                bufferProducerConnect
 .text.bufferProducerDisconnect
                0x0000000000010bf0       0x94 /opt/devkitpro/libnx/lib/libnx.a(buffer_producer.o)
                0x0000000000010bf0                bufferProducerDisconnect
 *fill*         0x0000000000010c84        0xc 
 .text.bufferProducerGraphicBufferInit
                0x0000000000010c90      0x100 /opt/devkitpro/libnx/lib/libnx.a(buffer_producer.o)
                0x0000000000010c90                bufferProducerGraphicBufferInit
 .text._binderTransactParcelAuto
                0x0000000000010d90      0x248 /opt/devkitpro/libnx/lib/libnx.a(binder.o)
 *fill*         0x0000000000010fd8        0x8 
 .text.ipcQueryPointerBufferSize
                0x0000000000010fe0       0xc8 /opt/devkitpro/libnx/lib/libnx.a(binder.o)
 *fill*         0x00000000000110a8        0x8 
 .text._binderTransactParcel
                0x00000000000110b0      0x138 /opt/devkitpro/libnx/lib/libnx.a(binder.o)
 *fill*         0x00000000000111e8        0x8 
 .text.binderCreateSession
                0x00000000000111f0       0x18 /opt/devkitpro/libnx/lib/libnx.a(binder.o)
                0x00000000000111f0                binderCreateSession
 *fill*         0x0000000000011208        0x8 
 .text.binderTransactParcel
                0x0000000000011210       0x10 /opt/devkitpro/libnx/lib/libnx.a(binder.o)
                0x0000000000011210                binderTransactParcel
 .text.binderAdjustRefcount
                0x0000000000011220       0xe4 /opt/devkitpro/libnx/lib/libnx.a(binder.o)
                0x0000000000011220                binderAdjustRefcount
 *fill*         0x0000000000011304        0xc 
 .text.binderExitSession
                0x0000000000011310       0x68 /opt/devkitpro/libnx/lib/libnx.a(binder.o)
                0x0000000000011310                binderExitSession
 *fill*         0x0000000000011378        0x8 
 .text.binderGetNativeHandle
                0x0000000000011380      0x13c /opt/devkitpro/libnx/lib/libnx.a(binder.o)
                0x0000000000011380                binderGetNativeHandle
 *fill*         0x00000000000114bc        0x4 
 .text.binderInitSession
                0x00000000000114c0      0x120 /opt/devkitpro/libnx/lib/libnx.a(binder.o)
                0x00000000000114c0                binderInitSession
 .text.parcelInitialize
                0x00000000000115e0       0x28 /opt/devkitpro/libnx/lib/libnx.a(parcel.o)
                0x00000000000115e0                parcelInitialize
 *fill*         0x0000000000011608        0x8 
 .text.parcelTransact
                0x0000000000011610      0x190 /opt/devkitpro/libnx/lib/libnx.a(parcel.o)
                0x0000000000011610                parcelTransact
 .text.parcelWriteData
                0x00000000000117a0       0x88 /opt/devkitpro/libnx/lib/libnx.a(parcel.o)
                0x00000000000117a0                parcelWriteData
 *fill*         0x0000000000011828        0x8 
 .text.parcelReadData
                0x0000000000011830       0x98 /opt/devkitpro/libnx/lib/libnx.a(parcel.o)
                0x0000000000011830                parcelReadData
 *fill*         0x00000000000118c8        0x8 
 .text.parcelWriteInt32
                0x00000000000118d0       0x20 /opt/devkitpro/libnx/lib/libnx.a(parcel.o)
                0x00000000000118d0                parcelWriteInt32
 .text.parcelWriteUInt32
                0x00000000000118f0       0x20 /opt/devkitpro/libnx/lib/libnx.a(parcel.o)
                0x00000000000118f0                parcelWriteUInt32
 .text.parcelWriteString16
                0x0000000000011910       0x80 /opt/devkitpro/libnx/lib/libnx.a(parcel.o)
                0x0000000000011910                parcelWriteString16
 .text.parcelWriteInterfaceToken
                0x0000000000011990       0x30 /opt/devkitpro/libnx/lib/libnx.a(parcel.o)
                0x0000000000011990                parcelWriteInterfaceToken
 .text.parcelReadInt32
                0x00000000000119c0       0x24 /opt/devkitpro/libnx/lib/libnx.a(parcel.o)
                0x00000000000119c0                parcelReadInt32
 *fill*         0x00000000000119e4        0xc 
 .text.parcelReadFlattenedObject
                0x00000000000119f0       0x68 /opt/devkitpro/libnx/lib/libnx.a(parcel.o)
                0x00000000000119f0                parcelReadFlattenedObject
 *fill*         0x0000000000011a58        0x8 
 .text.parcelWriteFlattenedObject
                0x0000000000011a60       0x44 /opt/devkitpro/libnx/lib/libnx.a(parcel.o)
                0x0000000000011a60                parcelWriteFlattenedObject
 *fill*         0x0000000000011aa4        0xc 
 .text.decode_utf8
                0x0000000000011ab0      0x12c /opt/devkitpro/libnx/lib/libnx.a(decode_utf8.o)
                0x0000000000011ab0                decode_utf8
 .text.__aarch64_read_tp
                0x0000000000011bdc        0xc /opt/devkitpro/libnx/lib/libnx.a(readtp.o)
                0x0000000000011bdc                __aarch64_read_tp
 *fill*         0x0000000000011be8        0x8 
 .text.nxlinkSetup
                0x0000000000011bf0       0xc4 /opt/devkitpro/libnx/lib/libnx.a(nxlink.o)
                0x0000000000011bf0                nxlinkSetup
 *fill*         0x0000000000011cb4        0xc 
 .text.tmemCreate
                0x0000000000011cc0       0x7c /opt/devkitpro/libnx/lib/libnx.a(tmem.o)
                0x0000000000011cc0                tmemCreate
 *fill*         0x0000000000011d3c        0x4 
 .text.tmemUnmap
                0x0000000000011d40       0x58 /opt/devkitpro/libnx/lib/libnx.a(tmem.o)
                0x0000000000011d40                tmemUnmap
 *fill*         0x0000000000011d98        0x8 
 .text.tmemClose
                0x0000000000011da0       0x68 /opt/devkitpro/libnx/lib/libnx.a(tmem.o)
                0x0000000000011da0                tmemClose
 .text._Znwm    0x0000000000011e08       0x68 /opt/devkitpro/devkitA64/lib/gcc/aarch64-none-elf/8.1.0/../../../../aarch64-none-elf/lib/pic/libstdc++.a(new_op.o)
                0x0000000000011e08                operator new(unsigned long)
 .text._ZNKSt9bad_alloc4whatEv
                0x0000000000011e70        0xc /opt/devkitpro/devkitA64/lib/gcc/aarch64-none-elf/8.1.0/../../../../aarch64-none-elf/lib/pic/libstdc++.a(bad_alloc.o)
                0x0000000000011e70                std::bad_alloc::what() const
 *fill*         0x0000000000011e7c        0x4 
 .text._ZNSt9bad_allocD2Ev
                0x0000000000011e80       0x14 /opt/devkitpro/devkitA64/lib/gcc/aarch64-none-elf/8.1.0/../../../../aarch64-none-elf/lib/pic/libstdc++.a(bad_alloc.o)
                0x0000000000011e80                std::bad_alloc::~bad_alloc()
                0x0000000000011e80                std::bad_alloc::~bad_alloc()
 *fill*         0x0000000000011e94        0x4 
 .text._ZNSt9bad_allocD0Ev
                0x0000000000011e98       0x28 /opt/devkitpro/devkitA64/lib/gcc/aarch64-none-elf/8.1.0/../../../../aarch64-none-elf/lib/pic/libstdc++.a(bad_alloc.o)
                0x0000000000011e98                std::bad_alloc::~bad_alloc()
 .text._ZSt15get_new_handlerv
                0x0000000000011ec0       0x10 /opt/devkitpro/devkitA64/lib/gcc/aarch64-none-elf/8.1.0/../../../../aarch64-none-elf/lib/pic/libstdc++.a(new_handler.o)
                0x0000000000011ec0                std::get_new_handler()
 .text._ZNSt9exceptionD2Ev
                0x0000000000011ed0        0x4 /opt/devkitpro/devkitA64/lib/gcc/aarch64-none-elf/8.1.0/../../../../aarch64-none-elf/lib/pic/libstdc++.a(eh_exception.o)
                0x0000000000011ed0                std::exception::~exception()
                0x0000000000011ed0                std::exception::~exception()
 *fill*         0x0000000000011ed4        0x4 
 .text._ZNSt13bad_exceptionD2Ev
                0x0000000000011ed8       0x14 /opt/devkitpro/devkitA64/lib/gcc/aarch64-none-elf/8.1.0/../../../../aarch64-none-elf/lib/pic/libstdc++.a(eh_exception.o)
                0x0000000000011ed8                std::bad_exception::~bad_exception()
                0x0000000000011ed8                std::bad_exception::~bad_exception()
 *fill*         0x0000000000011eec        0x4 
 .text._ZNKSt13bad_exception4whatEv
                0x0000000000011ef0        0xc /opt/devkitpro/devkitA64/lib/gcc/aarch64-none-elf/8.1.0/../../../../aarch64-none-elf/lib/pic/libstdc++.a(eh_exception.o)
                0x0000000000011ef0                std::bad_exception::what() const
 *fill*         0x0000000000011efc        0x4 
 .text._ZNSt13bad_exceptionD0Ev
                0x0000000000011f00       0x28 /opt/devkitpro/devkitA64/lib/gcc/aarch64-none-elf/8.1.0/../../../../aarch64-none-elf/lib/pic/libstdc++.a(eh_exception.o)
                0x0000000000011f00                std::bad_exception::~bad_exception()
 .text._ZdlPvm  0x0000000000011f28        0x4 /opt/devkitpro/devkitA64/lib/gcc/aarch64-none-elf/8.1.0/../../../../aarch64-none-elf/lib/pic/libstdc++.a(del_ops.o)
                0x0000000000011f28                operator delete(void*, unsigned long)
 *fill*         0x0000000000011f2c        0x4 
 .text._ZL23__gxx_exception_cleanup19_Unwind_Reason_CodeP17_Unwind_Exception
                0x0000000000011f30       0x64 /opt/devkitpro/devkitA64/lib/gcc/aarch64-none-elf/8.1.0/../../../../aarch64-none-elf/lib/pic/libstdc++.a(eh_throw.o)
 *fill*         0x0000000000011f94        0x4 
 .text.__cxa_init_primary_exception
                0x0000000000011f98       0x58 /opt/devkitpro/devkitA64/lib/gcc/aarch64-none-elf/8.1.0/../../../../aarch64-none-elf/lib/pic/libstdc++.a(eh_throw.o)
                0x0000000000011f98                __cxa_init_primary_exception
 .text.__cxa_throw
                0x0000000000011ff0       0x54 /opt/devkitpro/devkitA64/lib/gcc/aarch64-none-elf/8.1.0/../../../../aarch64-none-elf/lib/pic/libstdc++.a(eh_throw.o)
                0x0000000000011ff0                __cxa_throw
 *fill*         0x0000000000012044        0x4 
 .text.__cxa_rethrow
                0x0000000000012048       0x70 /opt/devkitpro/devkitA64/lib/gcc/aarch64-none-elf/8.1.0/../../../../aarch64-none-elf/lib/pic/libstdc++.a(eh_throw.o)
                0x0000000000012048                __cxa_rethrow
 .text.__cxa_begin_catch
                0x00000000000120b8       0xa0 /opt/devkitpro/devkitA64/lib/gcc/aarch64-none-elf/8.1.0/../../../../aarch64-none-elf/lib/pic/libstdc++.a(eh_catch.o)
                0x00000000000120b8                __cxa_begin_catch
 .text.__cxa_end_catch
                0x0000000000012158       0x94 /opt/devkitpro/devkitA64/lib/gcc/aarch64-none-elf/8.1.0/../../../../aarch64-none-elf/lib/pic/libstdc++.a(eh_catch.o)
                0x0000000000012158                __cxa_end_catch
 *fill*         0x00000000000121ec        0x4 
 .text._ZN12_GLOBAL__N_14pool4freeEPv.constprop.4
                0x00000000000121f0       0xe8 /opt/devkitpro/devkitA64/lib/gcc/aarch64-none-elf/8.1.0/../../../../aarch64-none-elf/lib/pic/libstdc++.a(eh_alloc.o)
 .text._ZN12_GLOBAL__N_14pool8allocateEm.constprop.5
                0x00000000000122d8       0xa8 /opt/devkitpro/devkitA64/lib/gcc/aarch64-none-elf/8.1.0/../../../../aarch64-none-elf/lib/pic/libstdc++.a(eh_alloc.o)
 .text.__cxa_allocate_exception
                0x0000000000012380       0x64 /opt/devkitpro/devkitA64/lib/gcc/aarch64-none-elf/8.1.0/../../../../aarch64-none-elf/lib/pic/libstdc++.a(eh_alloc.o)
                0x0000000000012380                __cxa_allocate_exception
 *fill*         0x00000000000123e4        0x4 
 .text.__cxa_free_exception
                0x00000000000123e8       0x30 /opt/devkitpro/devkitA64/lib/gcc/aarch64-none-elf/8.1.0/../../../../aarch64-none-elf/lib/pic/libstdc++.a(eh_alloc.o)
                0x00000000000123e8                __cxa_free_exception
 .text._ZdlPv   0x0000000000012418        0x4 /opt/devkitpro/devkitA64/lib/gcc/aarch64-none-elf/8.1.0/../../../../aarch64-none-elf/lib/pic/libstdc++.a(del_op.o)
                0x0000000000012418                operator delete(void*)
 *fill*         0x000000000001241c        0x4 
 .text._ZN10__cxxabiv120__si_class_type_infoD2Ev
                0x0000000000012420       0x14 /opt/devkitpro/devkitA64/lib/gcc/aarch64-none-elf/8.1.0/../../../../aarch64-none-elf/lib/pic/libstdc++.a(si_class_type_info.o)
                0x0000000000012420                __cxxabiv1::__si_class_type_info::~__si_class_type_info()
                0x0000000000012420                __cxxabiv1::__si_class_type_info::~__si_class_type_info()
 *fill*         0x0000000000012434        0x4 
 .text._ZN10__cxxabiv120__si_class_type_infoD0Ev
                0x0000000000012438       0x28 /opt/devkitpro/devkitA64/lib/gcc/aarch64-none-elf/8.1.0/../../../../aarch64-none-elf/lib/pic/libstdc++.a(si_class_type_info.o)
                0x0000000000012438                __cxxabiv1::__si_class_type_info::~__si_class_type_info()
 .text._ZNK10__cxxabiv120__si_class_type_info20__do_find_public_srcElPKvPKNS_17__class_type_infoES2_
                0x0000000000012460       0x80 /opt/devkitpro/devkitA64/lib/gcc/aarch64-none-elf/8.1.0/../../../../aarch64-none-elf/lib/pic/libstdc++.a(si_class_type_info.o)
                0x0000000000012460                __cxxabiv1::__si_class_type_info::__do_find_public_src(long, void const*, __cxxabiv1::__class_type_info const*, void const*) const
 .text._ZNK10__cxxabiv120__si_class_type_info12__do_dyncastElNS_17__class_type_info10__sub_kindEPKS1_PKvS4_S6_RNS1_16__dyncast_resultE
                0x00000000000124e0      0x13c /opt/devkitpro/devkitA64/lib/gcc/aarch64-none-elf/8.1.0/../../../../aarch64-none-elf/lib/pic/libstdc++.a(si_class_type_info.o)
                0x00000000000124e0                __cxxabiv1::__si_class_type_info::__do_dyncast(long, __cxxabiv1::__class_type_info::__sub_kind, __cxxabiv1::__class_type_info const*, void const*, __cxxabiv1::__class_type_info const*, void const*, __cxxabiv1::__class_type_info::__dyncast_result&) const
 *fill*         0x000000000001261c        0x4 
 .text._ZNK10__cxxabiv120__si_class_type_info11__do_upcastEPKNS_17__class_type_infoEPKvRNS1_15__upcast_resultE
                0x0000000000012620       0x68 /opt/devkitpro/devkitA64/lib/gcc/aarch64-none-elf/8.1.0/../../../../aarch64-none-elf/lib/pic/libstdc++.a(si_class_type_info.o)
                0x0000000000012620                __cxxabiv1::__si_class_type_info::__do_upcast(__cxxabiv1::__class_type_info const*, void const*, __cxxabiv1::__class_type_info::__upcast_result&) const
 .text._ZStL23local_Rb_tree_decrementPSt18_Rb_tree_node_base
                0x0000000000012688       0x70 /opt/devkitpro/devkitA64/lib/gcc/aarch64-none-elf/8.1.0/../../../../aarch64-none-elf/lib/pic/libstdc++.a(tree.o)
 .text._ZSt18_Rb_tree_incrementPSt18_Rb_tree_node_base
                0x00000000000126f8       0x58 /opt/devkitpro/devkitA64/lib/gcc/aarch64-none-elf/8.1.0/../../../../aarch64-none-elf/lib/pic/libstdc++.a(tree.o)
                0x00000000000126f8                std::_Rb_tree_increment(std::_Rb_tree_node_base*)
 .text._ZSt18_Rb_tree_decrementPSt18_Rb_tree_node_base
                0x0000000000012750        0x4 /opt/devkitpro/devkitA64/lib/gcc/aarch64-none-elf/8.1.0/../../../../aarch64-none-elf/lib/pic/libstdc++.a(tree.o)
                0x0000000000012750                std::_Rb_tree_decrement(std::_Rb_tree_node_base*)
 *fill*         0x0000000000012754        0x4 
 .text._ZSt29_Rb_tree_insert_and_rebalancebPSt18_Rb_tree_node_baseS0_RS_
                0x0000000000012758      0x298 /opt/devkitpro/devkitA64/lib/gcc/aarch64-none-elf/8.1.0/../../../../aarch64-none-elf/lib/pic/libstdc++.a(tree.o)
                0x0000000000012758                std::_Rb_tree_insert_and_rebalance(bool, std::_Rb_tree_node_base*, std::_Rb_tree_node_base*, std::_Rb_tree_node_base&)
 .text._ZSt17__throw_bad_allocv
                0x00000000000129f0       0x34 /opt/devkitpro/devkitA64/lib/gcc/aarch64-none-elf/8.1.0/../../../../aarch64-none-elf/lib/pic/libstdc++.a(functexcept.o)
                0x00000000000129f0                std::__throw_bad_alloc()
 *fill*         0x0000000000012a24        0x4 
 .text._ZSt19__throw_logic_errorPKc
                0x0000000000012a28       0x54 /opt/devkitpro/devkitA64/lib/gcc/aarch64-none-elf/8.1.0/../../../../aarch64-none-elf/lib/pic/libstdc++.a(functexcept.o)
                0x0000000000012a28                std::__throw_logic_error(char const*)
 *fill*         0x0000000000012a7c        0x4 
 .text._ZSt20__throw_length_errorPKc
                0x0000000000012a80       0x54 /opt/devkitpro/devkitA64/lib/gcc/aarch64-none-elf/8.1.0/../../../../aarch64-none-elf/lib/pic/libstdc++.a(functexcept.o)
                0x0000000000012a80                std::__throw_length_error(char const*)
 *fill*         0x0000000000012ad4        0x4 
 .text._ZNSt7__cxx1112basic_stringIcSt11char_traitsIcESaIcEE9_M_createERmm
                0x0000000000012ad8       0x58 /opt/devkitpro/devkitA64/lib/gcc/aarch64-none-elf/8.1.0/../../../../aarch64-none-elf/lib/pic/libstdc++.a(string-inst.o)
                0x0000000000012ad8                std::__cxx11::basic_string<char, std::char_traits<char>, std::allocator<char> >::_M_create(unsigned long&, unsigned long)
 .text._ZNSt7__cxx1112basic_stringIcSt11char_traitsIcESaIcEE9_M_assignERKS4_
                0x0000000000012b30       0xe8 /opt/devkitpro/devkitA64/lib/gcc/aarch64-none-elf/8.1.0/../../../../aarch64-none-elf/lib/pic/libstdc++.a(string-inst.o)
                0x0000000000012b30                std::__cxx11::basic_string<char, std::char_traits<char>, std::allocator<char> >::_M_assign(std::__cxx11::basic_string<char, std::char_traits<char>, std::allocator<char> > const&)
 .text._ZNSt7__cxx1112basic_stringIcSt11char_traitsIcESaIcEE9_M_mutateEmmPKcm
                0x0000000000012c18      0x12c /opt/devkitpro/devkitA64/lib/gcc/aarch64-none-elf/8.1.0/../../../../aarch64-none-elf/lib/pic/libstdc++.a(string-inst.o)
                0x0000000000012c18                std::__cxx11::basic_string<char, std::char_traits<char>, std::allocator<char> >::_M_mutate(unsigned long, unsigned long, char const*, unsigned long)
 *fill*         0x0000000000012d44        0x4 
 .text._ZNSt7__cxx1112basic_stringIcSt11char_traitsIcESaIcEE10_M_replaceEmmPKcm
                0x0000000000012d48      0x298 /opt/devkitpro/devkitA64/lib/gcc/aarch64-none-elf/8.1.0/../../../../aarch64-none-elf/lib/pic/libstdc++.a(string-inst.o)
                0x0000000000012d48                std::__cxx11::basic_string<char, std::char_traits<char>, std::allocator<char> >::_M_replace(unsigned long, unsigned long, char const*, unsigned long)
 .text._ZNSt7__cxx1112basic_stringIcSt11char_traitsIcESaIcEE6assignEPKc
                0x0000000000012fe0       0x40 /opt/devkitpro/devkitA64/lib/gcc/aarch64-none-elf/8.1.0/../../../../aarch64-none-elf/lib/pic/libstdc++.a(string-inst.o)
                0x0000000000012fe0                std::__cxx11::basic_string<char, std::char_traits<char>, std::allocator<char> >::assign(char const*)
 .text._ZNKSt7__cxx1112basic_stringIcSt11char_traitsIcESaIcEE7compareEPKc
                0x0000000000013020       0x70 /opt/devkitpro/devkitA64/lib/gcc/aarch64-none-elf/8.1.0/../../../../aarch64-none-elf/lib/pic/libstdc++.a(string-inst.o)
                0x0000000000013020                std::__cxx11::basic_string<char, std::char_traits<char>, std::allocator<char> >::compare(char const*) const
 .text.__cxa_get_globals_fast
                0x0000000000013090        0xc /opt/devkitpro/devkitA64/lib/gcc/aarch64-none-elf/8.1.0/../../../../aarch64-none-elf/lib/pic/libstdc++.a(eh_globals.o)
                0x0000000000013090                __cxa_get_globals_fast
 *fill*         0x000000000001309c        0x4 
 .text.__cxa_get_globals
                0x00000000000130a0        0xc /opt/devkitpro/devkitA64/lib/gcc/aarch64-none-elf/8.1.0/../../../../aarch64-none-elf/lib/pic/libstdc++.a(eh_globals.o)
                0x00000000000130a0                __cxa_get_globals
 *fill*         0x00000000000130ac        0x4 
 .text._ZN10__cxxabiv111__terminateEPFvvE
                0x00000000000130b0       0x3c /opt/devkitpro/devkitA64/lib/gcc/aarch64-none-elf/8.1.0/../../../../aarch64-none-elf/lib/pic/libstdc++.a(eh_terminate.o)
                0x00000000000130b0                __cxxabiv1::__terminate(void (*)())
 *fill*         0x00000000000130ec        0x4 
 .text._ZSt13get_terminatev
                0x00000000000130f0       0x10 /opt/devkitpro/devkitA64/lib/gcc/aarch64-none-elf/8.1.0/../../../../aarch64-none-elf/lib/pic/libstdc++.a(eh_terminate.o)
                0x00000000000130f0                std::get_terminate()
 .text._ZSt9terminatev
                0x0000000000013100       0x10 /opt/devkitpro/devkitA64/lib/gcc/aarch64-none-elf/8.1.0/../../../../aarch64-none-elf/lib/pic/libstdc++.a(eh_terminate.o)
                0x0000000000013100                std::terminate()
 .text._ZN10__cxxabiv112__unexpectedEPFvvE
                0x0000000000013110       0x10 /opt/devkitpro/devkitA64/lib/gcc/aarch64-none-elf/8.1.0/../../../../aarch64-none-elf/lib/pic/libstdc++.a(eh_terminate.o)
                0x0000000000013110                __cxxabiv1::__unexpected(void (*)())
 .text._ZSt14get_unexpectedv
                0x0000000000013120       0x10 /opt/devkitpro/devkitA64/lib/gcc/aarch64-none-elf/8.1.0/../../../../aarch64-none-elf/lib/pic/libstdc++.a(eh_terminate.o)
                0x0000000000013120                std::get_unexpected()
 .text._ZSt10unexpectedv
                0x0000000000013130       0x10 /opt/devkitpro/devkitA64/lib/gcc/aarch64-none-elf/8.1.0/../../../../aarch64-none-elf/lib/pic/libstdc++.a(eh_terminate.o)
                0x0000000000013130                std::unexpected()
 .text._ZNSt9type_infoD2Ev
                0x0000000000013140        0x4 /opt/devkitpro/devkitA64/lib/gcc/aarch64-none-elf/8.1.0/../../../../aarch64-none-elf/lib/pic/libstdc++.a(tinfo.o)
                0x0000000000013140                std::type_info::~type_info()
                0x0000000000013140                std::type_info::~type_info()
 *fill*         0x0000000000013144        0x4 
 .text._ZNKSt9type_info14__is_pointer_pEv
                0x0000000000013148        0x8 /opt/devkitpro/devkitA64/lib/gcc/aarch64-none-elf/8.1.0/../../../../aarch64-none-elf/lib/pic/libstdc++.a(tinfo.o)
                0x0000000000013148                std::type_info::__is_function_p() const
                0x0000000000013148                std::type_info::__is_pointer_p() const
 .text._ZL16get_adjusted_ptrPKSt9type_infoS1_PPv
                0x0000000000013150       0x84 /opt/devkitpro/devkitA64/lib/gcc/aarch64-none-elf/8.1.0/../../../../aarch64-none-elf/lib/pic/libstdc++.a(eh_personality.o)
 *fill*         0x00000000000131d4        0x4 
 .text._ZL28read_encoded_value_with_basehmPKhPm
                0x00000000000131d8      0x15c /opt/devkitpro/devkitA64/lib/gcc/aarch64-none-elf/8.1.0/../../../../aarch64-none-elf/lib/pic/libstdc++.a(eh_personality.o)
 *fill*         0x0000000000013334        0x4 
 .text._ZL15get_ttype_entryP16lsda_header_infom
                0x0000000000013338       0xc0 /opt/devkitpro/devkitA64/lib/gcc/aarch64-none-elf/8.1.0/../../../../aarch64-none-elf/lib/pic/libstdc++.a(eh_personality.o)
 .text._ZL20check_exception_specP16lsda_header_infoPKSt9type_infoPvl
                0x00000000000133f8       0x94 /opt/devkitpro/devkitA64/lib/gcc/aarch64-none-elf/8.1.0/../../../../aarch64-none-elf/lib/pic/libstdc++.a(eh_personality.o)
 *fill*         0x000000000001348c        0x4 
 .text._ZL21base_of_encoded_valuehP15_Unwind_Context
                0x0000000000013490       0x6c /opt/devkitpro/devkitA64/lib/gcc/aarch64-none-elf/8.1.0/../../../../aarch64-none-elf/lib/pic/libstdc++.a(eh_personality.o)
 *fill*         0x00000000000134fc        0x4 
 .text._ZL17parse_lsda_headerP15_Unwind_ContextPKhP16lsda_header_info
                0x0000000000013500      0x108 /opt/devkitpro/devkitA64/lib/gcc/aarch64-none-elf/8.1.0/../../../../aarch64-none-elf/lib/pic/libstdc++.a(eh_personality.o)
 .text.__gxx_personality_v0
                0x0000000000013608      0x4dc /opt/devkitpro/devkitA64/lib/gcc/aarch64-none-elf/8.1.0/../../../../aarch64-none-elf/lib/pic/libstdc++.a(eh_personality.o)
                0x0000000000013608                __gxx_personality_v0
 *fill*         0x0000000000013ae4        0x4 
 .text.__cxa_call_unexpected
                0x0000000000013ae8       0xf0 /opt/devkitpro/devkitA64/lib/gcc/aarch64-none-elf/8.1.0/../../../../aarch64-none-elf/lib/pic/libstdc++.a(eh_personality.o)
                0x0000000000013ae8                __cxa_call_unexpected
 .text._ZNK10__cxxabiv117__class_type_info11__do_upcastEPKS0_PPv
                0x0000000000013bd8       0x6c /opt/devkitpro/devkitA64/lib/gcc/aarch64-none-elf/8.1.0/../../../../aarch64-none-elf/lib/pic/libstdc++.a(class_type_info.o)
                0x0000000000013bd8                __cxxabiv1::__class_type_info::__do_upcast(__cxxabiv1::__class_type_info const*, void**) const
 *fill*         0x0000000000013c44        0x4 
 .text._ZNK10__cxxabiv117__class_type_info20__do_find_public_srcElPKvPKS0_S2_
                0x0000000000013c48       0x10 /opt/devkitpro/devkitA64/lib/gcc/aarch64-none-elf/8.1.0/../../../../aarch64-none-elf/lib/pic/libstdc++.a(class_type_info.o)
                0x0000000000013c48                __cxxabiv1::__class_type_info::__do_find_public_src(long, void const*, __cxxabiv1::__class_type_info const*, void const*) const
 .text._ZN10__cxxabiv117__class_type_infoD2Ev
                0x0000000000013c58       0x14 /opt/devkitpro/devkitA64/lib/gcc/aarch64-none-elf/8.1.0/../../../../aarch64-none-elf/lib/pic/libstdc++.a(class_type_info.o)
                0x0000000000013c58                __cxxabiv1::__class_type_info::~__class_type_info()
                0x0000000000013c58                __cxxabiv1::__class_type_info::~__class_type_info()
 *fill*         0x0000000000013c6c        0x4 
 .text._ZN10__cxxabiv117__class_type_infoD0Ev
                0x0000000000013c70       0x28 /opt/devkitpro/devkitA64/lib/gcc/aarch64-none-elf/8.1.0/../../../../aarch64-none-elf/lib/pic/libstdc++.a(class_type_info.o)
                0x0000000000013c70                __cxxabiv1::__class_type_info::~__class_type_info()
 .text._ZNK10__cxxabiv117__class_type_info12__do_dyncastElNS0_10__sub_kindEPKS0_PKvS3_S5_RNS0_16__dyncast_resultE
                0x0000000000013c98       0xd4 /opt/devkitpro/devkitA64/lib/gcc/aarch64-none-elf/8.1.0/../../../../aarch64-none-elf/lib/pic/libstdc++.a(class_type_info.o)
                0x0000000000013c98                __cxxabiv1::__class_type_info::__do_dyncast(long, __cxxabiv1::__class_type_info::__sub_kind, __cxxabiv1::__class_type_info const*, void const*, __cxxabiv1::__class_type_info const*, void const*, __cxxabiv1::__class_type_info::__dyncast_result&) const
 *fill*         0x0000000000013d6c        0x4 
 .text._ZNK10__cxxabiv117__class_type_info11__do_upcastEPKS0_PKvRNS0_15__upcast_resultE
                0x0000000000013d70       0x68 /opt/devkitpro/devkitA64/lib/gcc/aarch64-none-elf/8.1.0/../../../../aarch64-none-elf/lib/pic/libstdc++.a(class_type_info.o)
                0x0000000000013d70                __cxxabiv1::__class_type_info::__do_upcast(__cxxabiv1::__class_type_info const*, void const*, __cxxabiv1::__class_type_info::__upcast_result&) const
 .text._ZNK10__cxxabiv117__class_type_info10__do_catchEPKSt9type_infoPPvj
                0x0000000000013dd8       0xa8 /opt/devkitpro/devkitA64/lib/gcc/aarch64-none-elf/8.1.0/../../../../aarch64-none-elf/lib/pic/libstdc++.a(class_type_info.o)
                0x0000000000013dd8                __cxxabiv1::__class_type_info::__do_catch(std::type_info const*, void**, unsigned int) const
 .text._ZNKSt11logic_error4whatEv
                0x0000000000013e80        0x8 /opt/devkitpro/devkitA64/lib/gcc/aarch64-none-elf/8.1.0/../../../../aarch64-none-elf/lib/pic/libstdc++.a(stdexcept.o)
                0x0000000000013e80                std::logic_error::what() const
 .text._ZNSt11logic_errorD2Ev
                0x0000000000013e88       0x6c /opt/devkitpro/devkitA64/lib/gcc/aarch64-none-elf/8.1.0/../../../../aarch64-none-elf/lib/pic/libstdc++.a(stdexcept.o)
                0x0000000000013e88                std::logic_error::~logic_error()
                0x0000000000013e88                std::logic_error::~logic_error()
 *fill*         0x0000000000013ef4        0x4 
 .text._ZNSt11logic_errorD0Ev
                0x0000000000013ef8       0x24 /opt/devkitpro/devkitA64/lib/gcc/aarch64-none-elf/8.1.0/../../../../aarch64-none-elf/lib/pic/libstdc++.a(stdexcept.o)
                0x0000000000013ef8                std::logic_error::~logic_error()
 *fill*         0x0000000000013f1c        0x4 
 .text._ZNSt12length_errorD2Ev
                0x0000000000013f20       0x14 /opt/devkitpro/devkitA64/lib/gcc/aarch64-none-elf/8.1.0/../../../../aarch64-none-elf/lib/pic/libstdc++.a(stdexcept.o)
                0x0000000000013f20                std::length_error::~length_error()
                0x0000000000013f20                std::length_error::~length_error()
 *fill*         0x0000000000013f34        0x4 
 .text._ZNSt12length_errorD0Ev
                0x0000000000013f38       0x24 /opt/devkitpro/devkitA64/lib/gcc/aarch64-none-elf/8.1.0/../../../../aarch64-none-elf/lib/pic/libstdc++.a(stdexcept.o)
                0x0000000000013f38                std::length_error::~length_error()
 *fill*         0x0000000000013f5c        0x4 
 .text._ZNSt11logic_errorC2EPKc
                0x0000000000013f60       0x48 /opt/devkitpro/devkitA64/lib/gcc/aarch64-none-elf/8.1.0/../../../../aarch64-none-elf/lib/pic/libstdc++.a(cow-stdexcept.o)
                0x0000000000013f60                std::logic_error::logic_error(char const*)
                0x0000000000013f60                std::logic_error::logic_error(char const*)
 .text._ZNSt12length_errorC2EPKc
                0x0000000000013fa8       0x30 /opt/devkitpro/devkitA64/lib/gcc/aarch64-none-elf/8.1.0/../../../../aarch64-none-elf/lib/pic/libstdc++.a(cow-stdexcept.o)
                0x0000000000013fa8                std::length_error::length_error(char const*)
                0x0000000000013fa8                std::length_error::length_error(char const*)
 .text._ZNSs4_Rep9_S_createEmmRKSaIcE
                0x0000000000013fd8       0x84 /opt/devkitpro/devkitA64/lib/gcc/aarch64-none-elf/8.1.0/../../../../aarch64-none-elf/lib/pic/libstdc++.a(cow-string-inst.o)
                0x0000000000013fd8                std::string::_Rep::_S_create(unsigned long, unsigned long, std::allocator<char> const&)
 *fill*         0x000000000001405c        0x4 
 .text._ZNSs12_S_constructIPcEES0_T_S1_RKSaIcESt20forward_iterator_tag.part.22
                0x0000000000014060       0x98 /opt/devkitpro/devkitA64/lib/gcc/aarch64-none-elf/8.1.0/../../../../aarch64-none-elf/lib/pic/libstdc++.a(cow-string-inst.o)
 .text._ZNSs4_Rep10_M_destroyERKSaIcE
                0x00000000000140f8        0x4 /opt/devkitpro/devkitA64/lib/gcc/aarch64-none-elf/8.1.0/../../../../aarch64-none-elf/lib/pic/libstdc++.a(cow-string-inst.o)
                0x00000000000140f8                std::string::_Rep::_M_destroy(std::allocator<char> const&)
 *fill*         0x00000000000140fc        0x4 
 .text._ZNSs12_S_constructIPKcEEPcT_S3_RKSaIcESt20forward_iterator_tag
                0x0000000000014100       0x34 /opt/devkitpro/devkitA64/lib/gcc/aarch64-none-elf/8.1.0/../../../../aarch64-none-elf/lib/pic/libstdc++.a(cow-string-inst.o)
                0x0000000000014100                char* std::string::_S_construct<char const*>(char const*, char const*, std::allocator<char> const&, std::forward_iterator_tag)
 *fill*         0x0000000000014134        0x4 
 .text._ZNSsC2EPKcRKSaIcE
                0x0000000000014138       0x4c /opt/devkitpro/devkitA64/lib/gcc/aarch64-none-elf/8.1.0/../../../../aarch64-none-elf/lib/pic/libstdc++.a(cow-string-inst.o)
                0x0000000000014138                std::basic_string<char, std::char_traits<char>, std::allocator<char> >::basic_string(char const*, std::allocator<char> const&)
                0x0000000000014138                std::basic_string<char, std::char_traits<char>, std::allocator<char> >::basic_string(char const*, std::allocator<char> const&)
 *fill*         0x0000000000014184        0x4 
 .text.__cxa_call_terminate
                0x0000000000014188       0x44 /opt/devkitpro/devkitA64/lib/gcc/aarch64-none-elf/8.1.0/../../../../aarch64-none-elf/lib/pic/libstdc++.a(eh_call.o)
                0x0000000000014188                __cxa_call_terminate
 *fill*         0x00000000000141cc        0x4 
 .text.read_encoded_value_with_base
                0x00000000000141d0      0x15c /opt/devkitpro/devkitA64/lib/gcc/aarch64-none-elf/8.1.0/pic/libgcc.a(unwind-dw2.o)
 *fill*         0x000000000001432c        0x4 
 .text.base_of_encoded_value
                0x0000000000014330       0x70 /opt/devkitpro/devkitA64/lib/gcc/aarch64-none-elf/8.1.0/pic/libgcc.a(unwind-dw2.o)
 .text.execute_cfa_program
                0x00000000000143a0      0x80c /opt/devkitpro/devkitA64/lib/gcc/aarch64-none-elf/8.1.0/pic/libgcc.a(unwind-dw2.o)
 *fill*         0x0000000000014bac        0x4 
 .text.uw_frame_state_for
                0x0000000000014bb0      0x40c /opt/devkitpro/devkitA64/lib/gcc/aarch64-none-elf/8.1.0/pic/libgcc.a(unwind-dw2.o)
 *fill*         0x0000000000014fbc        0x4 
 .text.execute_stack_op